{
  "schema_version": 1,
  "kind": "FILMOS_RC_UNIFIED_LOCAL_RECOVERY_RECEIPT",
  "status": "PASSED_LOCAL_RC_RECOVERY",
  "scope": "synthetic_execution_with_read_only_frozen_upstream_fetch",
  "source_of_truth": "unchanged",
  "surface": {
    "status": "PASSED_LOCAL_RC_SURFACE_RECOVERY",
    "remote": {
      "source_sha256": "14dc46cc848e474c50f595e8904894755051a575484c2bc8bed51d01829c42a5",
      "source_unchanged": true,
      "manifest_version": 1,
      "manifest_sha256": "d36e09d9d6efa0b3916515b72dca164cf3e282cee778814893267fdff3e3948b",
      "receipt_id": "rc-remote-receipt-0001",
      "recovered_receipt_id": "rc-remote-receipt-0001",
      "replayed_same_receipt": true,
      "execution_state": "NOT_EXECUTED",
      "inbound_result_policy": "CANDIDATE_ONLY",
      "network_executed": false,
      "uploaded_asset_ids": [],
      "publication_receipts": []
    },
    "feature_flag_rollback": {
      "declared_flags": 30,
      "all_default_false": true,
      "remote_disabled_blocker": true,
      "rollback_rule_present": true
    },
    "agent": {
      "deepseek_apply_error": "human_apply_required",
      "session_loss_error": "read_required",
      "preview_calls": 2,
      "apply_calls": 0,
      "agent_denial_audited": true,
      "session_denial_audited": true
    },
    "network_calls": 0,
    "external_provider_calls": 0,
    "formal_apply_calls": 0
  },
  "beta_migration": {
    "status": "PASSED_LOCAL_EQUIVALENT",
    "real_postgresql_status": "BLOCKED_REAL_PG",
    "package_verified": true,
    "fault_rollback": true,
    "apply": {
      "status": "PASSED_LOCAL_EQUIVALENT",
      "receipt_id": "2d689d53-2acc-589a-8c7e-6fad0783ecc4",
      "migration_key": "synthetic_beta_001",
      "manifest_sha256": "48d17e4cde4b1749ce91e1e7e6eb325bedc14ef29dc34a88d23a6b73ba92dc9d",
      "target_data_sha256": "b29bb2ef606d4161b623de76891771e47ae5ae348743ada9bd82bcc49dacaefc",
      "source_sha256": "f6e5e6e8d99c57a763750ecf80371ee62f057bb19005e1bb2c96308feeacf58d",
      "table_count": 6,
      "row_count": 14,
      "foreign_keys_valid": true,
      "stable_primary_keys_preserved": true,
      "backup_path": "backups/synthetic_beta_001-before.sqlite",
      "backup_sha256": "4dcfe2b8d820bb4107502aa377bf3f384e8e610e0e789998ee9bc6c08e180658",
      "real_postgresql_status": "BLOCKED_REAL_PG",
      "replayed": false
    },
    "replay_same_receipt": true,
    "restore": {
      "status": "PASSED_LOCAL_RESTORE",
      "backup_sha256": "d44c920ff884fe8f28792451211cc86ca3d08fd9391ff1d0786cdb0fc6252813",
      "target_data_sha256": "b29bb2ef606d4161b623de76891771e47ae5ae348743ada9bd82bcc49dacaefc",
      "receipt_preserved": true
    },
    "rollback": {
      "status": "PASSED_LOCAL_ROLLBACK",
      "migration_receipt_id": "2d689d53-2acc-589a-8c7e-6fad0783ecc4",
      "backup_sha256": "4dcfe2b8d820bb4107502aa377bf3f384e8e610e0e789998ee9bc6c08e180658",
      "restored_file_sha256": "4dcfe2b8d820bb4107502aa377bf3f384e8e610e0e789998ee9bc6c08e180658",
      "source_deleted": false
    }
  },
  "film_core": {
    "status": "PASSED_LOCAL_FILM_CORE_RECOVERY",
    "schema_version": 4,
    "journal_mode": "wal",
    "source_sha256": "da5a25212b65b17d56338f7784781011ed28effad34dc2a12dc85ff78f60e56d",
    "source_unchanged": true,
    "backup_sha256": "fce03b3107d75aa56a046512a7c529aac9949cb9f8e0a18814023199ac330bdd",
    "logical_state_sha256": "7de7c8355c610d571ff5e4ad4f311e148615d5d1e9af65e1426d3a8822b1e73c",
    "restored_logical_state_sha256": "7de7c8355c610d571ff5e4ad4f311e148615d5d1e9af65e1426d3a8822b1e73c",
    "stable_ids": [
      "10000000-0000-4000-8000-000000000061",
      "10000000-0000-4000-8000-000000000062"
    ],
    "receipt_id": "rc-film-core-receipt-001",
    "receipt_preserved": true,
    "foreign_keys_valid": true,
    "fault_rollback": true,
    "no_partial_facts": true
  },
  "candidate_adapter": {
    "status": "PASSED_SYNTHETIC_REVERSIBLE_DRY_RUN",
    "source_unchanged": true,
    "fault_rollback": true,
    "plan": {
      "schema_version": 1,
      "kind": "FILMOS_RC_CANDIDATE_SCHEMA_ADAPTER_PLAN",
      "formal_apply": false,
      "fixture_only": true,
      "diff": {
        "stable_ref": "refs/tags/v1.2.1",
        "stable_commit": "61b332583c4fcbf71890ae67e3f0f104d67706b9",
        "candidate_ref": "refs/heads/main",
        "candidate_commit": "19ebfbb3c1dd0227d6a194cd6067d5e06e27e521",
        "model_diff_sha256": "f60fe8b715b5c51a0bbd9aa7aa686f55c939d33f33e19b719103d6e1f94d7d6b",
        "migration_diff_sha256": "649e829ed79e6c6cb64040eb8efc053c53178742e2195b96f3153eefb49d97b0",
        "changed_models": [
          "ChannelModel.Icon",
          "PluginPlatformState",
          "StorageLocation",
          "UserPluginState"
        ],
        "migration_list_additions": [
          "channel_model_price_tiers",
          "id_sequences",
          "logical_models",
          "logical_model_revisions",
          "logical_model_routes",
          "route_attempts",
          "plugin_platform_states",
          "user_plugin_states",
          "ark_private_asset_bindings",
          "storage_locations",
          "resource_deletion_jobs",
          "project_asset_folders",
          "comfy_bridges",
          "comfy_bridge_requests"
        ],
        "classification_before": "C_MIGRATION_REQUIRED"
      },
      "steps": [
        "copy immutable synthetic Stable fixture to an isolated work target",
        "add nullable ChannelModel.icon compatible with the Candidate string field",
        "create plugin_platform_states, user_plugin_states, storage_locations",
        "rebuild Candidate indexes from the exact GORM tags",
        "verify old rows and stable IDs, then probe only synthetic Candidate rows",
        "restore the pre-migration backup and verify its exact file hash"
      ],
      "rollback": "replace isolated work target with receipt-bound pre-migration backup",
      "real_database": "NOT_OPENED",
      "real_postgresql": "NOT_EXECUTED",
      "candidate_merge": "NOT_EXECUTED"
    },
    "receipt": {
      "schema_version": 1,
      "kind": "FILMOS_RC_CANDIDATE_SCHEMA_DRY_RUN_RECEIPT",
      "status": "PASSED_SYNTHETIC_REVERSIBLE_DRY_RUN",
      "receipt_id": "7be9a172-cc6b-5db3-bfda-bf9f216dcc8f",
      "plan_sha256": "b0d2a56f3db4e0c52c4e6e1a549fee4f5f6700f4636a642fc49beb5798c9cf54",
      "source_sha256": "d114e90e3a8dccef72965b3345cb89885dff2e397e1fa02f1f3b082fcd45ce5e",
      "source_unchanged": true,
      "backup_sha256": "85175d7caaa753160126e3bea5fd799de6236ded58cb388b88a3b5316c087f00",
      "stable_ids_preserved": true,
      "source_channel_model_row_sha256": "64dcdf6b9845a92c08bb18cd287d351a6a38c4b9ffc1bd8d77398fe8464bac1b",
      "candidate_channel_model_row_sha256": "7c3ade68b20799ef1981acda904f49fc4e76d31c125dca38782bf3840fe6976d",
      "candidate_probe_ids": [
        "plugin.synthetic.rc",
        "10000000-0000-4000-8000-000000000014",
        "10000000-0000-4000-8000-000000000015"
      ],
      "candidate_tables": [
        "plugin_platform_states",
        "storage_locations",
        "user_plugin_states"
      ],
      "no_partial_facts": true,
      "classification_after": "C_MIGRATION_REQUIRED",
      "classification_reason": "Synthetic reversible proof does not authorize or execute a real SQLite/PostgreSQL migration and the Candidate has not been merged.",
      "real_database": "NOT_OPENED",
      "real_postgresql": "NOT_EXECUTED",
      "candidate_merge": "NOT_EXECUTED",
      "receipt_sha256": "f8a081251bde376abcc0a17f3df034425c5baccf8862a9792b7263e828ffba83",
      "replayed_same_receipt": true
    },
    "rollback": {
      "status": "PASSED_EXACT_STABLE_ROLLBACK",
      "restored_sha256": "85175d7caaa753160126e3bea5fd799de6236ded58cb388b88a3b5316c087f00",
      "matches_pre_migration_backup": true,
      "stable_ids_preserved": true,
      "candidate_tables_absent": true
    },
    "classification": "C_MIGRATION_REQUIRED"
  },
  "upstream_bootstrap": {
    "kind": "FILMOS_FROZEN_YINGCE_UPSTREAM_BOOTSTRAP",
    "status": "PASSED_EXACT_OBJECT_BOOTSTRAP",
    "repository": "ddcat-ai/open-ai-canvas",
    "repository_url": "https://github.com/ddcat-ai/open-ai-canvas.git",
    "fetch_strategy": "exact_commit_verified_local_object_cache",
    "fetch_attempts": 0,
    "stable": {
      "source_ref": "refs/tags/v1.2.1",
      "commit": "61b332583c4fcbf71890ae67e3f0f104d67706b9",
      "tree": "87c68a9da95ef4f5914b7fc5d662dc0aac452264",
      "local_ref": "refs/filmos/upstream/stable"
    },
    "candidate": {
      "source_ref": "refs/heads/main",
      "commit": "19ebfbb3c1dd0227d6a194cd6067d5e06e27e521",
      "tree": "7a3fe10d7860f83fca824e220e6e6606f5b72f90",
      "local_ref": "refs/filmos/upstream/candidate"
    }
  },
  "checks": {
    "remote_receipt_recovered": true,
    "remote_not_executed": true,
    "feature_flags_rolled_back": true,
    "agent_and_session_fail_closed": true,
    "beta_migration_restored": true,
    "film_core_restored": true,
    "candidate_reversible": true,
    "all_sources_unchanged": true,
    "stable_ids_preserved": true,
    "no_partial_facts": true,
    "no_provider_network_or_external_apply": true
  },
  "failures": [],
  "authority_boundaries": {
    "real_user_database": "NOT_OPENED",
    "real_postgresql": "NOT_EXECUTED",
    "network_publish": "NOT_EXECUTED",
    "external_provider": "NOT_EXECUTED",
    "formal_apply": "NOT_EXECUTED",
    "upstream_fetch": "READ_ONLY_EXACT_FROZEN_OBJECTS",
    "upstream_merge": "NOT_EXECUTED"
  },
  "upstream_classification": "C_MIGRATION_REQUIRED",
  "receipt_id": "143020e9-9883-52ad-8344-0b51640c4adb",
  "replay_key_sha256": "ecbac6812962c7c1fcde73af66fec31cc28be82c1de78223344052b4a080cfad",
  "receipt_sha256": "d480518e84131b6f21ad6892b19b32f083d1ab719a1b1f52bbb89a7494343874"
}
