$ bun run build:bridge && tsc --noEmit && vite build
$ bun ../canvas-agent/scripts/build-comfy-bridge.ts
vite v8.1.5 building client environment for production...
[2K
transforming...✓ 12712 modules transformed.
rendering chunks...
computing gzip size...
dist/index.html                                                   1.07 kB │ gzip:      0.63 kB
dist/assets/worker-BzdDEeh7.js                                    2.45 kB
dist/assets/Assistant-SemiBold-SCI4bEL9.woff2                    20.21 kB
dist/assets/Assistant-Regular-DVxZuzxb.woff2                     20.23 kB
dist/assets/Assistant-Medium-DrcxCXg3.woff2                      20.32 kB
dist/assets/Assistant-Bold-gm-uSS1B.woff2                        20.38 kB
dist/assets/basis_transcoder-o4Hde_L7.js                         57.52 kB
dist/assets/ffmpeg-core-CI9Irx9p.js                             111.80 kB
dist/assets/canvas-face-detector.worker-CJeWFalE.js             154.26 kB
dist/assets/basis_transcoder-VXdx5NbI.wasm                      527.33 kB │ gzip:    248.94 kB
dist/assets/ffmpeg-core-CgUfceKH.wasm                        32,232.41 kB │ gzip: 10,370.97 kB
dist/assets/canvas-resource-mention-textarea-DkK0ymA2.css         0.35 kB │ gzip:      0.19 kB
dist/assets/eagle-tP4nMZ7N.css                                    4.47 kB │ gzip:      1.05 kB
dist/assets/folder-preview-lab-5vWK_R80.css                       6.89 kB │ gzip:      1.56 kB
dist/assets/plugins-BrBKakXB.css                                 18.28 kB │ gzip:      3.24 kB
dist/assets/canvas-node-rWLcpaxE.css                             59.11 kB │ gzip:     10.47 kB
dist/assets/canvas-drawing-tldraw-editor-DK9qfp18.css            76.14 kB │ gzip:     14.30 kB
dist/assets/canvas-drawing-excalidraw-editor-DtRVLazd.css       142.02 kB │ gzip:     22.37 kB
dist/assets/application-BJGEC4VM.css                            761.33 kB │ gzip:    104.84 kB
dist/assets/button-CopYhA13.js                                    0.06 kB │ gzip:      0.08 kB
dist/assets/mermaid-GHXKKRXX-BJajAQgv.js                          0.07 kB │ gzip:      0.08 kB
dist/assets/client-id-CIxbiNq2.js                                 0.08 kB │ gzip:      0.09 kB
dist/assets/array-BifhSqXX.js                                     0.10 kB │ gzip:      0.11 kB
dist/assets/channel-CDPGbg7D.js                                   0.11 kB │ gzip:      0.12 kB
dist/assets/minus-BwAVQ-sB.js                                     0.11 kB │ gzip:      0.13 kB
dist/assets/pie-RZYD4A2V-CynqTUkZ.js                              0.11 kB │ gzip:      0.11 kB
dist/assets/info-DKCQHKI2-DIc7uC4I.js                             0.11 kB │ gzip:      0.12 kB
dist/assets/radar-I7S5WNFK-fIKE12aT.js                            0.11 kB │ gzip:      0.12 kB
dist/assets/packet-7NZHBO7P-D2duWGIK.js                           0.12 kB │ gzip:      0.12 kB
dist/assets/cynefin-VYW2F7L2-4m18BxUG.js                          0.12 kB │ gzip:      0.12 kB
dist/assets/treemap-6X3UGDF4-BbCXbaXr.js                          0.12 kB │ gzip:      0.12 kB
dist/assets/wardley-OPB4EBWU-BjXxCRf_.js                          0.12 kB │ gzip:      0.12 kB
dist/assets/gitGraph-TEB2WS4Q-Do0SQOtM.js                         0.12 kB │ gzip:      0.12 kB
dist/assets/railroad-3IZDKUUU-Bgx8HJTj.js                         0.12 kB │ gzip:      0.12 kB
dist/assets/treeView-QDETBFTQ-CygwzEgj.js                         0.12 kB │ gzip:      0.12 kB
dist/assets/check-Lv-rCCX-.js                                     0.12 kB │ gzip:      0.14 kB
dist/assets/railroad-peg-LSFZ7HO6-0hT-lN-u.js                     0.12 kB │ gzip:      0.12 kB
dist/assets/architecture-TIHT7OUA-BWqzHezU.js                     0.12 kB │ gzip:      0.12 kB
dist/assets/railroad-abnf-AHOZXSZD-Nh6k60mH.js                    0.12 kB │ gzip:      0.12 kB
dist/assets/railroad-ebnf-EBAXGLYW-C74h3s_I.js                    0.12 kB │ gzip:      0.12 kB
dist/assets/utils-DTl-8woF.js                                     0.12 kB │ gzip:      0.12 kB
dist/assets/eventmodeling-45OFAUF4-Dp0gpjhg.js                    0.12 kB │ gzip:      0.12 kB
dist/assets/chevron-down-Caaw8FoV.js                              0.12 kB │ gzip:      0.14 kB
dist/assets/chevron-up-DQscUwqY.js                                0.12 kB │ gzip:      0.14 kB
dist/assets/chevron-left-BxUyhBNT.js                              0.13 kB │ gzip:      0.14 kB
dist/assets/chevron-right-CmXl9SEo.js                             0.13 kB │ gzip:      0.14 kB
dist/assets/percentages-BXMCSKIN-BtH29Rqz.js                      0.13 kB │ gzip:      0.12 kB
dist/assets/useForceUpdate-Np2znjBQ.js                            0.14 kB │ gzip:      0.14 kB
dist/assets/loader-circle-Cpxa382G.js                             0.14 kB │ gzip:      0.15 kB
dist/assets/square-DFxtV7lB.js                                    0.14 kB │ gzip:      0.15 kB
dist/assets/image-GAAHSSAO-CIXG2mQs.js                            0.14 kB │ gzip:      0.13 kB
dist/assets/plus-Xv1tYk9s.js                                      0.15 kB │ gzip:      0.15 kB
dist/assets/x-Cxu_DZVd.js                                         0.15 kB │ gzip:      0.15 kB
dist/assets/chunk-Y2CYZVJY-DsF7k-Jl.js                            0.15 kB │ gzip:      0.14 kB
dist/assets/cloud-C5lvy5Ba.js                                     0.16 kB │ gzip:      0.16 kB
dist/assets/arrow-left-BWMkb3Ih.js                                0.16 kB │ gzip:      0.16 kB
dist/assets/arrow-right-00XC9HsO.js                               0.16 kB │ gzip:      0.16 kB
dist/assets/arrow-up-right-uAKJvCEL.js                            0.16 kB │ gzip:      0.15 kB
dist/assets/clock-3-sY6P4CYx.js                                   0.16 kB │ gzip:      0.16 kB
dist/assets/music-2-BaZD3tpo.js                                   0.17 kB │ gzip:      0.16 kB
dist/assets/power-CeAh4pK8.js                                     0.17 kB │ gzip:      0.16 kB
dist/assets/search-q0IjJtFN.js                                    0.17 kB │ gzip:      0.16 kB
dist/assets/gauge-S2MhOWA5.js                                     0.17 kB │ gzip:      0.16 kB
dist/assets/circle-check-gT80KFsf.js                              0.17 kB │ gzip:      0.16 kB
dist/assets/ban-CguPt3pc.js                                       0.18 kB │ gzip:      0.16 kB
dist/assets/user-round-YrfVlQgV.js                                0.18 kB │ gzip:      0.17 kB
dist/assets/subset-shared.chunk-c68EAvZG.js                       0.18 kB │ gzip:      0.15 kB
dist/assets/index.browser-D65rSomk.js                             0.18 kB │ gzip:      0.19 kB
dist/assets/play-9Tj2cWjs.js                                      0.19 kB │ gzip:      0.17 kB
dist/assets/chunk-2Q5K7J3B-C1jixKkw.js                            0.19 kB │ gzip:      0.16 kB
dist/assets/list-filter-BjAUfO6m.js                               0.19 kB │ gzip:      0.16 kB
dist/assets/toggle-left-Bjn7SHUl.js                               0.19 kB │ gzip:      0.18 kB
dist/assets/rotate-ccw-Cr2z-W6E.js                                0.20 kB │ gzip:      0.18 kB
dist/assets/info-C2Qu9KdK.js                                      0.20 kB │ gzip:      0.17 kB
dist/assets/redo-2-B1hP14sj.js                                    0.20 kB │ gzip:      0.18 kB
dist/assets/undo-2-S6XPkiw0.js                                    0.20 kB │ gzip:      0.17 kB
dist/assets/pause-CNgWYTuw.js                                     0.21 kB │ gzip:      0.16 kB
dist/assets/mail-DbwjHsAx.js                                      0.21 kB │ gzip:      0.20 kB
dist/assets/chunk-JWPE2WC7-DVXcaiue.js                            0.22 kB │ gzip:      0.17 kB
dist/assets/ellipsis-BIn9V4Ks.js                                  0.22 kB │ gzip:      0.16 kB
dist/assets/library-DLSjJntC.js                                   0.23 kB │ gzip:      0.17 kB
dist/assets/log-out-CS-kk87q.js                                   0.23 kB │ gzip:      0.18 kB
dist/assets/upload-Dk_DAuPu.js                                    0.23 kB │ gzip:      0.19 kB
dist/assets/extends-CvVTau-c.js                                   0.23 kB │ gzip:      0.18 kB
dist/assets/log-in-D3AcGKX4.js                                    0.23 kB │ gzip:      0.18 kB
dist/assets/download-CJ4Kw00S.js                                  0.23 kB │ gzip:      0.19 kB
dist/assets/copy-CUF8zT2_.js                                      0.23 kB │ gzip:      0.20 kB
dist/assets/panel-left-close-Cltt7YKo.js                          0.23 kB │ gzip:      0.20 kB
dist/assets/history-CsZVoOQt.js                                   0.23 kB │ gzip:      0.19 kB
dist/assets/maximize-2-BWd61Vyt.js                                0.23 kB │ gzip:      0.18 kB
dist/assets/globe-DJqSMfhQ.js                                     0.24 kB │ gzip:      0.19 kB
dist/assets/link-2-BhO6DO2t.js                                    0.24 kB │ gzip:      0.20 kB
dist/assets/aceternity-motion-DKni4Hhd.js                         0.24 kB │ gzip:      0.17 kB
dist/assets/video-CQBgXHrT.js                                     0.24 kB │ gzip:      0.21 kB
dist/assets/zoom-out-tCvgYynq.js                                  0.24 kB │ gzip:      0.19 kB
dist/assets/circle-alert-CIuvyhhX.js                              0.25 kB │ gzip:      0.18 kB
dist/assets/chart-column-B5Q7GFT7.js                              0.25 kB │ gzip:      0.19 kB
dist/assets/cloud-upload-CwY5eOIU.js                              0.25 kB │ gzip:      0.21 kB
dist/assets/external-link-VAxX44Jv.js                             0.25 kB │ gzip:      0.19 kB
dist/assets/settings-2-BMoKB0m3.js                                0.25 kB │ gzip:      0.19 kB
dist/assets/users-round-BLZvC_KM.js                               0.25 kB │ gzip:      0.21 kB
dist/assets/lock-keyhole-D2qwqXLk.js                              0.25 kB │ gzip:      0.22 kB
dist/assets/eye-CKzQT8eh.js                                       0.25 kB │ gzip:      0.20 kB
dist/assets/chunk-XXDRQBXY-D5eMSC49.js                            0.25 kB │ gzip:      0.22 kB
dist/assets/ticket-check-kWrsu6_Z.js                              0.25 kB │ gzip:      0.20 kB
dist/assets/react-BRL2XkF2.js                                     0.26 kB │ gzip:      0.20 kB
dist/assets/triangle-alert-xa6He5a3.js                            0.26 kB │ gzip:      0.21 kB
dist/assets/workflow-CgZaoaH-.js                                  0.26 kB │ gzip:      0.20 kB
dist/assets/list-plus-Bx86Jj53.js                                 0.26 kB │ gzip:      0.18 kB
dist/assets/image-BFO-H-MF.js                                     0.26 kB │ gzip:      0.22 kB
dist/assets/use-debounced-value-Z4LXlr05.js                       0.26 kB │ gzip:      0.21 kB
dist/assets/statusUtils-BSNyCC-N.js                               0.27 kB │ gzip:      0.17 kB
dist/assets/pencil-z74WqBQe.js                                    0.27 kB │ gzip:      0.22 kB
dist/assets/braces-jYhTvPD-.js                                    0.27 kB │ gzip:      0.20 kB
dist/assets/list-checks-xTFbKWCw.js                               0.27 kB │ gzip:      0.18 kB
dist/assets/house-CqutOAPw.js                                     0.28 kB │ gzip:      0.21 kB
dist/assets/coins-6F-1FtDa.js                                     0.28 kB │ gzip:      0.22 kB
dist/assets/send-B0uzqLoA.js                                      0.29 kB │ gzip:      0.23 kB
dist/assets/folder-open-DNtfXZTH.js                               0.29 kB │ gzip:      0.22 kB
dist/assets/list-DZgBKb1y.js                                      0.30 kB │ gzip:      0.18 kB
dist/assets/zoom-in-49DbLgVT.js                                   0.30 kB │ gzip:      0.21 kB
dist/assets/audio-lines-CRNrVLub.js                               0.30 kB │ gzip:      0.20 kB
dist/assets/folder-plus-DUdHacF2.js                               0.30 kB │ gzip:      0.22 kB
dist/assets/brush-DCTCUNGp.js                                     0.30 kB │ gzip:      0.24 kB
dist/assets/box-GYrzJw9s.js                                       0.31 kB │ gzip:      0.22 kB
dist/assets/math-Bi_r_ZWc.js                                      0.31 kB │ gzip:      0.20 kB
dist/assets/user-plus-D3Hcjyqs.js                                 0.31 kB │ gzip:      0.23 kB
dist/assets/scissors-CaLOB6O1.js                                  0.31 kB │ gzip:      0.21 kB
dist/assets/badge-check-B_I_ZbNS.js                               0.31 kB │ gzip:      0.21 kB
dist/assets/chunk-VAUOI2AC-TMXBXGj6.js                            0.31 kB │ gzip:      0.25 kB
dist/assets/use-theme-store-C25SHJCk.js                           0.31 kB │ gzip:      0.24 kB
dist/assets/shield-check-DBJ4Di7w.js                              0.32 kB │ gzip:      0.25 kB
dist/assets/refresh-cw-BNkF8mW1.js                                0.32 kB │ gzip:      0.22 kB
dist/assets/settings-navigation-fJKX0MuM.js                       0.32 kB │ gzip:      0.24 kB
dist/assets/save-C5v4fAjq.js                                      0.32 kB │ gzip:      0.22 kB
dist/assets/bot-D0HXEIYE.js                                       0.32 kB │ gzip:      0.22 kB
dist/assets/trash-2-B7lvNMbM.js                                   0.32 kB │ gzip:      0.21 kB
dist/assets/camera-YFJ2iry4.js                                    0.33 kB │ gzip:      0.25 kB
dist/assets/focus-DtxjhqqE.js                                     0.33 kB │ gzip:      0.23 kB
dist/assets/layout-grid-BLwxswDr.js                               0.34 kB │ gzip:      0.19 kB
dist/assets/message-square-text-Cz5ela1X.js                       0.34 kB │ gzip:      0.24 kB
dist/assets/folder-kanban-x9zODuQ0.js                             0.34 kB │ gzip:      0.24 kB
dist/assets/useVariants-CVhC9rm0.js                               0.35 kB │ gzip:      0.26 kB
dist/assets/crosshair-BFGwbSto.js                                 0.35 kB │ gzip:      0.21 kB
dist/assets/file-up-BY7lofLL.js                                   0.35 kB │ gzip:      0.24 kB
dist/assets/plug-zap-3ryR3bw6.js                                  0.35 kB │ gzip:      0.23 kB
dist/assets/shield-alert-KEPpm0OV.js                              0.35 kB │ gzip:      0.26 kB
dist/assets/key-round-DkyzZsP_.js                                 0.35 kB │ gzip:      0.26 kB
dist/assets/clapperboard-DeZtph-5.js                              0.36 kB │ gzip:      0.26 kB
dist/assets/chunk-5VM5RSS4-ZNzvKenW.js                            0.36 kB │ gzip:      0.27 kB
dist/assets/image-plus-DIpSshqL.js                                0.36 kB │ gzip:      0.25 kB
dist/assets/subset-worker.chunk-C4cDVU-I.js                       0.36 kB │ gzip:      0.28 kB
dist/assets/clsx-CjueKrWZ.js                                      0.36 kB │ gzip:      0.23 kB
dist/assets/init-Cs1-1e_z.js                                      0.36 kB │ gzip:      0.17 kB
dist/assets/libtv-Dew3rzIS.js                                     0.36 kB │ gzip:      0.21 kB
dist/assets/images-CkmPENpF.js                                    0.37 kB │ gzip:      0.27 kB
dist/assets/common-CSCeLiBj.js                                    0.38 kB │ gzip:      0.27 kB
dist/assets/network-BRankdZo.js                                   0.38 kB │ gzip:      0.23 kB
dist/assets/file-text-Bfbg2wvV.js                                 0.38 kB │ gzip:      0.25 kB
dist/assets/canvas-DMY0m_pG.js                                    0.38 kB │ gzip:      0.25 kB
dist/assets/hard-drive-Bam-5bTH.js                                0.38 kB │ gzip:      0.25 kB
dist/assets/file-headphone-4jK4JoJr.js                            0.38 kB │ gzip:      0.25 kB
dist/assets/volume-2-BYSBsiKD.js                                  0.39 kB │ gzip:      0.27 kB
dist/assets/file-image-CvwR5XeV.js                                0.40 kB │ gzip:      0.27 kB
dist/assets/locate-fixed-DLgb17A3.js                              0.40 kB │ gzip:      0.23 kB
dist/assets/asset-library-card-CpRjNyUL.js                        0.40 kB │ gzip:      0.24 kB
dist/assets/film-Bx0928We.js                                      0.40 kB │ gzip:      0.24 kB
dist/assets/vidstack-CHcsWfRV-DY4qDket.js                         0.41 kB │ gzip:      0.29 kB
dist/assets/layers-YjhzBQNM.js                                    0.42 kB │ gzip:      0.24 kB
dist/assets/scan-face-B9USQhlC.js                                 0.42 kB │ gzip:      0.25 kB
dist/assets/sliders-horizontal-BidLqvEl.js                        0.42 kB │ gzip:      0.23 kB
dist/assets/book-open-text-z2mBtyD_.js                            0.42 kB │ gzip:      0.25 kB
dist/assets/git-branch-B0f0-nYH.js                                0.42 kB │ gzip:      0.28 kB
dist/assets/jsx-runtime-CFwixLRt.js                               0.43 kB │ gzip:      0.30 kB
dist/assets/file-open-7c801643-DZtJT5zp.js                        0.44 kB │ gzip:      0.31 kB
dist/assets/radio-tower-xDCUlZp9.js                               0.45 kB │ gzip:      0.29 kB
dist/assets/chunk-EMLP6XTP-BoneA0Uo.js                            0.45 kB │ gzip:      0.31 kB
dist/assets/srt-parser-CewaNwxa.js                                0.45 kB │ gzip:      0.31 kB
dist/assets/chunk-QBLGF6JB-C9zGMqvP.js                            0.45 kB │ gzip:      0.31 kB
dist/assets/chunk-BIQX33UG-CuPbkyWp.js                            0.46 kB │ gzip:      0.31 kB
dist/assets/chunk-CYSBUYHQ-CbOq7Rc1.js                            0.46 kB │ gzip:      0.31 kB
dist/assets/chunk-OSBZ3O6U-CX9EQ5t2.js                            0.46 kB │ gzip:      0.32 kB
dist/assets/star-C7aqwH1q.js                                      0.47 kB │ gzip:      0.29 kB
dist/assets/prod-BDXEDneR.js                                      0.47 kB │ gzip:      0.27 kB
dist/assets/wrench-B4Z9JEId.js                                    0.47 kB │ gzip:      0.32 kB
dist/assets/settings-CM9QBv2Q.js                                  0.48 kB │ gzip:      0.26 kB
dist/assets/sparkles-LhXGbNx3.js                                  0.49 kB │ gzip:      0.28 kB
dist/assets/user-scope-Bob8UklB.js                                0.49 kB │ gzip:      0.24 kB
dist/assets/chunk-5FCAYU7R-DNtJmW0j.js                            0.50 kB │ gzip:      0.35 kB
dist/assets/use-combine-values-BNeJOaDC.js                        0.50 kB │ gzip:      0.33 kB
dist/assets/localforage-storage-Cy93-ixk.js                       0.51 kB │ gzip:      0.31 kB
dist/assets/palette-Bvd-aQD-.js                                   0.51 kB │ gzip:      0.28 kB
dist/assets/wand-sparkles-CaLqkSKG.js                             0.51 kB │ gzip:      0.29 kB
dist/assets/announcements-BiB_E9J7.js                             0.51 kB │ gzip:      0.24 kB
dist/assets/file-open-002ab408-BHUWm0Sh.js                        0.52 kB │ gzip:      0.32 kB
dist/assets/user-data-Bt6puvnN.js                                 0.53 kB │ gzip:      0.23 kB
dist/assets/codeowners-C8r90Shi.js                                0.54 kB │ gzip:      0.31 kB
dist/assets/canvas-drawing-excalidraw-document-g4MqLs5j.js        0.56 kB │ gzip:      0.38 kB
dist/assets/layout-template-CE-fFrgf.js                           0.56 kB │ gzip:      0.32 kB
dist/assets/puzzle-Cpj7BEmb.js                                    0.57 kB │ gzip:      0.27 kB
dist/assets/chunk-VR4S4FIN-BXGDQJhW.js                            0.57 kB │ gzip:      0.39 kB
dist/assets/directory-open-01563666-D4xXyWb_.js                   0.58 kB │ gzip:      0.36 kB
dist/assets/chunk-SRAX5OIU-DZPQwvLc.js                            0.59 kB │ gzip:      0.39 kB
dist/assets/highlighted-body-OFNGDK62-DzS7Goy6.js                 0.60 kB │ gzip:      0.39 kB
dist/assets/chunk-YOTPTUD7-CjHV8V6f.js                            0.60 kB │ gzip:      0.39 kB
dist/assets/flowDiagram-23GEKE2U-Cs1_87Zd.js                      0.61 kB │ gzip:      0.32 kB
dist/assets/identity-provider-badge-CRroxGgC.js                   0.62 kB │ gzip:      0.41 kB
dist/assets/use-canvas-ui-store-C5h4KYgU.js                       0.62 kB │ gzip:      0.26 kB
dist/assets/bug-Gcy2bWWX.js                                       0.62 kB │ gzip:      0.32 kB
dist/assets/sun-qHLRqT44.js                                       0.63 kB │ gzip:      0.34 kB
dist/assets/chunk-Z3N5DIM6-D9TMVU7m.js                            0.64 kB │ gzip:      0.42 kB
dist/assets/infoDiagram-FWYZ7A6U-BO4W1vus.js                      0.65 kB │ gzip:      0.42 kB
dist/assets/react-Dt1OTdGM.js                                     0.68 kB │ gzip:      0.42 kB
dist/assets/vidstack-Dy74GavT-DCMXRdDW.js                         0.68 kB │ gzip:      0.44 kB
dist/assets/file-save-3189631c-CO9S4HFW.js                        0.69 kB │ gzip:      0.44 kB
dist/assets/shellsession-BEUInF7X.js                              0.71 kB │ gzip:      0.42 kB
dist/assets/tsv-sltzmVWM.js                                       0.73 kB │ gzip:      0.33 kB
dist/assets/resource-storage-status-N0EULxnl.js                   0.73 kB │ gzip:      0.53 kB
dist/assets/asset-media-preview-C4HwUcXN.js                       0.74 kB │ gzip:      0.44 kB
dist/assets/admin-C18z8Y0k.js                                     0.76 kB │ gzip:      0.50 kB
dist/assets/credits-D95AJikY.js                                   0.77 kB │ gzip:      0.47 kB
dist/assets/classDiagram-OUVF2IWQ-CV2KO-Um.js                     0.78 kB │ gzip:      0.44 kB
dist/assets/classDiagram-v2-EOCWNBFH-CV2KO-Um.js                  0.78 kB │ gzip:      0.44 kB
dist/assets/stateDiagram-v2-6OUMAXLB-Y0T0rSPn.js                  0.78 kB │ gzip:      0.45 kB
dist/assets/CaretDownFilled-CUa_pq6f.js                           0.81 kB │ gzip:      0.56 kB
dist/assets/PlusOutlined-DQEUJGU6.js                              0.83 kB │ gzip:      0.55 kB
dist/assets/chunk-5HE753X5-o8-OCfIL.js                            0.83 kB │ gzip:      0.47 kB
dist/assets/html-derivative-DjY87ttd.js                           0.84 kB │ gzip:      0.45 kB
dist/assets/canvas-drawing-tldraw-document-DYkjIn1H.js            0.84 kB │ gzip:      0.58 kB
dist/assets/boxes-DU4z4vNF.js                                     0.85 kB │ gzip:      0.39 kB
dist/assets/file-save-745eba88-Bwdfz6OZ.js                        0.85 kB │ gzip:      0.49 kB
dist/assets/swimlanesDiagram-G3AALYLV-CCoT9xST.js                 0.87 kB │ gzip:      0.49 kB
dist/assets/sizeCapture-X5ZJPWSS-B0uUizjq.js                      0.87 kB │ gzip:      0.51 kB
dist/assets/CheckOutlined-DdJe8-0B.js                             0.87 kB │ gzip:      0.61 kB
dist/assets/DownOutlined-DwsZFGy4.js                              0.87 kB │ gzip:      0.60 kB
dist/assets/chunk-MOZMSUNE-BgA8jCvb.js                            0.90 kB │ gzip:      0.49 kB
dist/assets/en-B4ZKOASM-C46sek69.js                               0.90 kB │ gzip:      0.48 kB
dist/assets/canvas-subtitle-text-IIA0FJwy.js                      0.91 kB │ gzip:      0.52 kB
dist/assets/vidstack-aCAqaLv8-goXQ_Uwi.js                         0.91 kB │ gzip:      0.52 kB
dist/assets/chunk-CQNSW5MT-BbEh_krl.js                            0.92 kB │ gzip:      0.49 kB
dist/assets/FileOutlined-DqcR5ZhZ.js                              0.92 kB │ gzip:      0.63 kB
dist/assets/line-D7sRByN6.js                                      0.95 kB │ gzip:      0.47 kB
dist/assets/chunk-OGEWGWER-BUw_hnMu.js                            0.96 kB │ gzip:      0.59 kB
dist/assets/use-transform-BxG1J554.js                             0.96 kB │ gzip:      0.52 kB
dist/assets/git-rebase-gx2II6xm.js                                0.98 kB │ gzip:      0.43 kB
dist/assets/canvas-subtitle-overlay-BaVfZXyn.js                   0.99 kB │ gzip:      0.56 kB
dist/assets/input-bindings-PfAMdnrM.js                            0.99 kB │ gzip:      0.51 kB
dist/assets/qmldir-DCQb3MpD.js                                    0.99 kB │ gzip:      0.44 kB
dist/assets/admin-context-CsKMAqSA.js                             1.00 kB │ gzip:      0.64 kB
dist/assets/vidstack-C0fPJIzs-9_nGV7KF.js                         1.03 kB │ gzip:      0.59 kB
dist/assets/chunk-5TONJI2A-DOX2waSJ.js                            1.04 kB │ gzip:      0.58 kB
dist/assets/logical-models-B_V3ESQW.js                            1.04 kB │ gzip:      0.43 kB
dist/assets/vidstack-CQuJTPFJ-BURK9dNC.js                         1.05 kB │ gzip:      0.57 kB
dist/assets/chunk-JG7HCLWE-Dk4_aECj.js                            1.06 kB │ gzip:      0.59 kB
dist/assets/PurePanel-ChNOlQHh.js                                 1.06 kB │ gzip:      0.65 kB
dist/assets/cached-resource-image-XHwxKQQz.js                     1.08 kB │ gzip:      0.60 kB
dist/assets/chunk-U6XO7XAA-CR0BSRFR.js                            1.13 kB │ gzip:      0.62 kB
dist/assets/csv-Dx-8-gkx.js                                       1.13 kB │ gzip:      0.36 kB
dist/assets/errors-B1ER-tcQ.js                                    1.13 kB │ gzip:      0.35 kB
dist/assets/generation-consumer-lifecycle-C61llYiW.js             1.14 kB │ gzip:      0.52 kB
dist/assets/canvas-video-regeneration-DIgjiALG.js                 1.16 kB │ gzip:      0.72 kB
dist/assets/use-user-store-_8sYm0qj.js                            1.17 kB │ gzip:      0.49 kB
dist/assets/ordinal-BeZAVUpG.js                                   1.18 kB │ gzip:      0.56 kB
dist/assets/skills-BIitZysK.js                                    1.18 kB │ gzip:      0.47 kB
dist/assets/SearchOutlined-DCILHSyV.js                            1.20 kB │ gzip:      0.75 kB
dist/assets/git-commit-BSykSTBG.js                                1.22 kB │ gzip:      0.52 kB
dist/assets/rolldown-runtime-DAXXjFlN.js                          1.26 kB │ gzip:      0.70 kB
dist/assets/media-preview-SZLiApGm.js                             1.29 kB │ gzip:      0.78 kB
dist/assets/xsl-B-eulOKn.js                                       1.36 kB │ gzip:      0.50 kB
dist/assets/not-found-CzP839bi.js                                 1.39 kB │ gzip:      0.74 kB
dist/assets/dotenv-_5a1GRtc.js                                    1.41 kB │ gzip:      0.52 kB
dist/assets/createLucideIcon-WbxVGt4j.js                          1.41 kB │ gzip:      0.80 kB
dist/assets/canvas-drawing-tldraw-editor-u88jcBiM.js              1.44 kB │ gzip:      0.89 kB
dist/assets/modal-CtlHjj3I.js                                     1.45 kB │ gzip:      0.78 kB
dist/assets/chunk-R7FJI6CG-BpBhcF6R.js                            1.46 kB │ gzip:      0.78 kB
dist/assets/sparql-D_iOobhT.js                                    1.47 kB │ gzip:      0.81 kB
dist/assets/w3c-keyname-BOAvb0qz.js                               1.48 kB │ gzip:      0.81 kB
dist/assets/directory-open-4ed118d0-1i309Asm.js                   1.51 kB │ gzip:      0.76 kB
dist/assets/canvas-drawing-excalidraw-editor-bIjXMgfD.js          1.51 kB │ gzip:      0.91 kB
dist/assets/ini-B5eOa1yu.js                                       1.51 kB │ gzip:      0.49 kB
dist/assets/band-CcbG6rPL.js                                      1.53 kB │ gzip:      0.66 kB
dist/assets/fortran-fixed-form-DEKoE2YW.js                        1.66 kB │ gzip:      0.68 kB
dist/assets/with-selector-DxAaDAEn.js                             1.66 kB │ gzip:      0.74 kB
dist/assets/chunk-5JV3BV7I-DKfYBAeY.js                            1.67 kB │ gzip:      0.74 kB
dist/assets/shared-oUB7Zl-M.js                                    1.67 kB │ gzip:      1.02 kB
dist/assets/railroadDiagram-RFXS5EU6-DhVJc-HY.js                  1.70 kB │ gzip:      0.78 kB
dist/assets/docker-IyjqRm3v.js                                    1.73 kB │ gzip:      0.59 kB
dist/assets/hxml-B0Qn7Nwc.js                                      1.74 kB │ gzip:      0.87 kB
dist/assets/desktop-Dlh5hvp9.js                                   1.82 kB │ gzip:      0.75 kB
dist/assets/chunk-C7G6YPKG-DyHF-qCJ.js                            1.84 kB │ gzip:      0.90 kB
dist/assets/workspace-state-Cf0JGn_1.js                           1.86 kB │ gzip:      0.95 kB
dist/assets/dist-Dr6qRSPx.js                                      1.87 kB │ gzip:      0.83 kB
dist/assets/abnfDiagram-VRR7QNED-BFYXcAWv.js                      1.89 kB │ gzip:      0.91 kB
dist/assets/canvas-skill-mentions-yFTfQLCI.js                     1.89 kB │ gzip:      1.14 kB
dist/assets/middleware-BRlIkLFI.js                                1.91 kB │ gzip:      0.95 kB
dist/assets/move-5xnETpf4.js                                      1.94 kB │ gzip:      0.46 kB
dist/assets/lodash.throttle-CKqniKSl.js                           1.94 kB │ gzip:      0.92 kB
dist/assets/chunk-32BRIVSS-SJn0-62l.js                            1.96 kB │ gzip:      0.88 kB
dist/assets/use-plugin-store-4PLGcYWq.js                          2.04 kB │ gzip:      1.06 kB
dist/assets/pegDiagram-2B236MQR-Clf2MQvb.js                       2.05 kB │ gzip:      0.96 kB
dist/assets/chunk-7BUUIJ7U-Bb538aSH.js                            2.10 kB │ gzip:      0.82 kB
dist/assets/ebnfDiagram-CCIWWBDH-D4HTkDLS.js                      2.10 kB │ gzip:      0.90 kB
dist/assets/theme-CWt0XmRp.js                                     2.11 kB │ gzip:      1.04 kB
dist/assets/erb-CoYAxOCW.js                                       2.13 kB │ gzip:      0.62 kB
dist/assets/wenyan-C8pVoKbM.js                                    2.15 kB │ gzip:      1.08 kB
dist/assets/KeyCode-Bm8t-2oB.js                                   2.17 kB │ gzip:      1.15 kB
dist/assets/jssm-DXw9l8Rf.js                                      2.23 kB │ gzip:      0.61 kB
dist/assets/wallet-D5rv8mrz.js                                    2.29 kB │ gzip:      0.61 kB
dist/assets/edge-Cdhi70bQ.js                                      2.30 kB │ gzip:      0.67 kB
dist/assets/path-BWPyau1x.js                                      2.31 kB │ gzip:      0.99 kB
dist/assets/reg-CRGYupPL.js                                       2.33 kB │ gzip:      0.69 kB
dist/assets/generation-task-display-DZXOKZj8.js                   2.38 kB │ gzip:      1.07 kB
dist/assets/canvas-live-viewport-B0TXygI_.js                      2.39 kB │ gzip:      0.92 kB
dist/assets/canvas-node-asset-DnZKohTg.js                         2.42 kB │ gzip:      0.91 kB
dist/assets/vidstack-Di0HObvT-D72Da3DB.js                         2.45 kB │ gzip:      1.14 kB
dist/assets/Addon-DIER6NRA.js                                     2.46 kB │ gzip:      1.01 kB
dist/assets/file-storage-C9Iz3d_0.js                              2.49 kB │ gzip:      1.12 kB
dist/assets/asset-picker-modal-MEOScT__.js                        2.53 kB │ gzip:      1.22 kB
dist/assets/login-DX8dC6Qx.js                                     2.53 kB │ gzip:      1.25 kB
dist/assets/seedance-video-B8DBiV4v.js                            2.55 kB │ gzip:      1.30 kB
dist/assets/diff-woXpYk--.js                                      2.56 kB │ gzip:      0.68 kB
dist/assets/gleam-CSRkHgEL.js                                     2.57 kB │ gzip:      0.81 kB
dist/assets/hy-CZbG8q4J.js                                        2.64 kB │ gzip:      1.17 kB
dist/assets/resources-DmhdZ7eT.js                                 2.68 kB │ gzip:      1.23 kB
dist/assets/FileSaver.min-BvZiQU7D.js                             2.68 kB │ gzip:      1.29 kB
dist/assets/canvas-theme-jq4U-qD6.js                              2.78 kB │ gzip:      0.90 kB
dist/assets/openscad-BUDT5pXO.js                                  2.81 kB │ gzip:      1.00 kB
dist/assets/external-asset-sources-ES_AXNxR.js                    2.83 kB │ gzip:      1.22 kB
dist/assets/log-BNLmms1o.js                                       2.84 kB │ gzip:      0.89 kB
dist/assets/lib-DZ8PwDBs.js                                       2.85 kB │ gzip:      1.15 kB
dist/assets/roundRect-D01gJrlt.js                                 2.87 kB │ gzip:      0.99 kB
dist/assets/json-DaZn6kP4.js                                      2.89 kB │ gzip:      0.82 kB
dist/assets/space-Bp8uYmsM.js                                     2.90 kB │ gzip:      1.41 kB
dist/assets/cairo-DLTphjLi.js                                     2.93 kB │ gzip:      0.80 kB
dist/assets/canvas-resource-references-DuKHkh4j.js                2.96 kB │ gzip:      1.29 kB
dist/assets/berry-DKpUyyne.js                                     2.99 kB │ gzip:      0.80 kB
dist/assets/jsonl-CmCQp5Yx.js                                     3.00 kB │ gzip:      0.78 kB
dist/assets/jsonc-CYpm1nAK.js                                     3.10 kB │ gzip:      0.78 kB
dist/assets/logo-Cluzi2Zq.js                                      3.12 kB │ gzip:      1.46 kB
dist/assets/redemption-codes-page-DXU-zaYk.js                     3.12 kB │ gzip:      1.61 kB
dist/assets/workspace-signal-icon-CdXL27cV.js                     3.14 kB │ gzip:      1.49 kB
dist/assets/po-BiJDBrnU.js                                        3.23 kB │ gzip:      0.90 kB
dist/assets/json5-BR5RXkoi.js                                     3.24 kB │ gzip:      0.82 kB
dist/assets/drawing-engine-settings-page-BRnUVDdR.js              3.25 kB │ gzip:      1.56 kB
dist/assets/mipsasm-BMqwQI7S.js                                   3.25 kB │ gzip:      1.17 kB
dist/assets/full-screen-loader-C8wD8h4M.js                        3.26 kB │ gzip:      0.80 kB
dist/assets/tasl-DMoTqEGO.js                                      3.28 kB │ gzip:      0.84 kB
dist/assets/genie-CV2tkWYe.js                                     3.34 kB │ gzip:      1.20 kB
dist/assets/rel-BtDbiS_P.js                                       3.36 kB │ gzip:      1.10 kB
dist/assets/vala-zf12oZj6.js                                      3.36 kB │ gzip:      1.18 kB
dist/assets/mutation-CjJK-2TB.js                                  3.37 kB │ gzip:      1.13 kB
dist/assets/use-copy-text-CJinDgjV.js                             3.38 kB │ gzip:      1.59 kB
dist/assets/splunk-BC2Px7Mm.js                                    3.42 kB │ gzip:      1.51 kB
dist/assets/resource-blob-cache-DvrKyojP.js                       3.46 kB │ gzip:      1.43 kB
dist/assets/arc-Bi22H63W.js                                       3.47 kB │ gzip:      1.46 kB
dist/assets/popconfirm-DL2Sog93.js                                3.50 kB │ gzip:      1.57 kB
dist/assets/hurl-GKc7yueO.js                                      3.51 kB │ gzip:      1.10 kB
dist/assets/scheduler-DuXhden3.js                                 3.56 kB │ gzip:      1.57 kB
dist/assets/react-dom-DmHqBZ9-.js                                 3.57 kB │ gzip:      1.36 kB
dist/assets/fluent-C03EYrpw.js                                    3.60 kB │ gzip:      0.89 kB
dist/assets/ssh-config-BgfXC-Er.js                                3.61 kB │ gzip:      1.59 kB
dist/assets/jsonnet-CJTPZ8u_.js                                   3.61 kB │ gzip:      1.03 kB
dist/assets/response-interception-settings-page-Bm3AfmAG.js       3.62 kB │ gzip:      1.66 kB
dist/assets/kdl-CsD5j6eV.js                                       3.62 kB │ gzip:      1.03 kB
dist/assets/narrat-_X_XdTYD.js                                    3.66 kB │ gzip:      1.09 kB
dist/assets/email-settings-panel-D3h2lGEo.js                      3.67 kB │ gzip:      1.84 kB
dist/assets/turtle-ByJddavk.js                                    3.69 kB │ gzip:      0.96 kB
dist/assets/glsl-fbNNN2Bp.js                                      3.69 kB │ gzip:      1.46 kB
dist/assets/canvas-node-size-C5SPD3TC.js                          3.70 kB │ gzip:      1.48 kB
dist/assets/generation-error-gwTWrrvx.js                          3.75 kB │ gzip:      1.94 kB
dist/assets/chunk-FWX5IMBZ-C6nr71UW.js                            3.82 kB │ gzip:      1.61 kB
dist/assets/zenscript-BnlCZFoB.js                                 3.90 kB │ gzip:      1.28 kB
dist/assets/ron-VUp2lXgN.js                                       3.90 kB │ gzip:      0.97 kB
dist/assets/gn-ilITqXS6.js                                        3.99 kB │ gzip:      1.47 kB
dist/assets/ark-private-assets-settings-page-Dw4VLCSE.js          4.05 kB │ gzip:      1.90 kB
dist/assets/app-_T51VWlI.js                                       4.07 kB │ gzip:      1.96 kB
dist/assets/client-diagnostics-BAKkhsdp.js                        4.10 kB │ gzip:      1.88 kB
dist/assets/canvas-character-reference-BJTR00ab.js                4.14 kB │ gzip:      1.76 kB
dist/assets/pascal-4ZHwLPI5.js                                    4.14 kB │ gzip:      1.67 kB
dist/assets/user-data-sync-rATwvWVt.js                            4.18 kB │ gzip:      1.88 kB
dist/assets/auth-B57cenhW.js                                      4.24 kB │ gzip:      1.14 kB
dist/assets/AnimatePresence-JuhyK85m.js                           4.24 kB │ gzip:      1.94 kB
dist/assets/diagram-NH7WQ7WH-DmB7kS_c.js                          4.28 kB │ gzip:      1.85 kB
dist/assets/vidstack-BmcqUMKx-D34ij3Rj.js                         4.38 kB │ gzip:      1.87 kB
dist/assets/http-B1LJ0uJF.js                                      4.41 kB │ gzip:      1.06 kB
dist/assets/tcl-CZd0xW_V.js                                       4.42 kB │ gzip:      1.50 kB
dist/assets/nextflow-Bbiyy34d.js                                  4.50 kB │ gzip:      1.16 kB
dist/assets/rosmsg-CAekHB0j.js                                    4.51 kB │ gzip:      1.05 kB
dist/assets/divider-B4AU91j0.js                                   4.54 kB │ gzip:      1.71 kB
dist/assets/popover-DSAN60Ml.js                                   4.56 kB │ gzip:      2.03 kB
dist/assets/ssa-parser-B5GBjKfd.js                                4.58 kB │ gzip:      2.00 kB
dist/assets/workspace-page-Ba96_OBw.js                            4.58 kB │ gzip:      1.79 kB
dist/assets/defaultLocale-C8Fc0cco.js                             4.64 kB │ gzip:      2.12 kB
dist/assets/polar-C7UOKdEL.js                                     4.66 kB │ gzip:      1.12 kB
dist/assets/sdbl-bTVj8UrX.js                                      4.69 kB │ gzip:      2.00 kB
dist/assets/fennel-DQxkIbk2.js                                    4.76 kB │ gzip:      1.53 kB
dist/assets/bibtex-Ci_nEsc7.js                                    4.78 kB │ gzip:      0.83 kB
dist/assets/vision-iPVr5ocL.js                                    4.83 kB │ gzip:      2.08 kB
dist/assets/libtv-settings-page-Bu9AObhw.js                       4.85 kB │ gzip:      2.11 kB
dist/assets/projects-DS8F9fT2.js                                  4.86 kB │ gzip:      1.05 kB
dist/assets/advancedFormat-5SU5Whod.js                            4.94 kB │ gzip:      2.24 kB
dist/assets/node-registry-tINd8WpW.js                             5.02 kB │ gzip:      1.79 kB
dist/assets/map-BaFkSB1l.js                                       5.03 kB │ gzip:      2.05 kB
dist/assets/llvm-Cm23YOpf.js                                      5.04 kB │ gzip:      2.01 kB
dist/assets/wgsl-BsKzXJz4.js                                      5.13 kB │ gzip:      1.38 kB
dist/assets/auth-scene-BLD2Xcux.js                                5.20 kB │ gzip:      2.37 kB
dist/assets/gdresource-C0sCabJj.js                                5.28 kB │ gzip:      1.33 kB
dist/assets/canvas-drawing-storage-BsPFcxXA.js                    5.31 kB │ gzip:      2.29 kB
dist/assets/zig-CMLA9XwU.js                                       5.33 kB │ gzip:      1.55 kB
dist/assets/qml-Be35LeVE.js                                       5.33 kB │ gzip:      1.38 kB
dist/assets/animated-theme-toggler-CX3O9vtt.js                    5.34 kB │ gzip:      2.39 kB
dist/assets/dax-BkyTk9wS.js                                       5.35 kB │ gzip:      2.21 kB
dist/assets/bicep-CUHmPFLl.js                                     5.37 kB │ gzip:      1.14 kB
dist/assets/canvas-project-asset-modal-9UM161uL.js                5.41 kB │ gzip:      2.29 kB
dist/assets/image-storage-vsyHpMvl.js                             5.42 kB │ gzip:      2.42 kB
dist/assets/canvas-drawing-editor-modal-BjOOI4JV.js               5.43 kB │ gzip:      2.47 kB
dist/assets/xml-DzUK0Pry.js                                       5.44 kB │ gzip:      1.25 kB
dist/assets/awk-BWXHIvNe.js                                       5.45 kB │ gzip:      1.37 kB
dist/assets/project-workbench-CnajfQtw.js                         5.45 kB │ gzip:      2.03 kB
dist/assets/coq-BrsZFFmf.js                                       5.54 kB │ gzip:      1.91 kB
dist/assets/canvas-character-reference-modal-Ogr8_E7C.js          5.55 kB │ gzip:      2.19 kB
dist/assets/jinja-DTtnHnMF.js                                     5.62 kB │ gzip:      1.36 kB
dist/assets/register-DNl9GSJB.js                                  5.68 kB │ gzip:      2.38 kB
dist/assets/linear-Clj7BvYC.js                                    5.74 kB │ gzip:      2.36 kB
dist/assets/lean-CewbzKMR.js                                      5.77 kB │ gzip:      1.91 kB
dist/assets/chunk-HOUHSVGY-BtoKoNAY.js                            5.83 kB │ gzip:      2.67 kB
dist/assets/vidstack-DiaLSJYx-aMS9k6id.js                         5.84 kB │ gzip:      2.45 kB
dist/assets/moonbit-CaWjb8XO.js                                   5.89 kB │ gzip:      1.67 kB
dist/assets/powerquery-DNMTfnFr.js                                5.89 kB │ gzip:      1.51 kB
dist/assets/diagram-WEI45ONY-DV-edsPJ.js                          5.91 kB │ gzip:      2.49 kB
dist/assets/shaderlab-TOUzSsQk.js                                 5.91 kB │ gzip:      2.08 kB
dist/assets/verilog-CiiDBU1e.js                                   5.92 kB │ gzip:      1.89 kB
dist/assets/cypher-ClKdZ_lG.js                                    5.94 kB │ gzip:      1.71 kB
dist/assets/admin-announcements-panel-DWxbgXGJ.js                 6.03 kB │ gzip:      2.79 kB
dist/assets/canvas-folder-preview-DMSKzQNo.js                     6.05 kB │ gzip:      2.23 kB
dist/assets/vb-Djn5o6TS.js                                        6.08 kB │ gzip:      2.33 kB
dist/assets/pieDiagram-ENE6RG2P-4icJkQoh.js                       6.23 kB │ gzip:      2.60 kB
dist/assets/red-CJ3rzSJv.js                                       6.25 kB │ gzip:      1.59 kB
dist/assets/min-dark-BSWPekZh.js                                  6.28 kB │ gzip:      1.70 kB
dist/assets/gdshader-CBce3t8t.js                                  6.31 kB │ gzip:      1.72 kB
dist/assets/prisma-BsRQq5mF.js                                    6.32 kB │ gzip:      1.38 kB
dist/assets/ara-4CJ0cIlV.js                                       6.35 kB │ gzip:      1.80 kB
dist/assets/model-protocol-picker-Ciltv0n3.js                     6.36 kB │ gzip:      2.17 kB
dist/assets/clojure-DqKBuwfJ.js                                   6.40 kB │ gzip:      1.41 kB
dist/assets/postcss-BXeXVLqQ.js                                   6.41 kB │ gzip:      1.90 kB
dist/assets/toml-CcmNWLt0.js                                      6.41 kB │ gzip:      1.28 kB
dist/assets/feature-availability-panel-ALsE8ogh.js                6.42 kB │ gzip:      2.43 kB
dist/assets/alert-Dpx6zgVv.js                                     6.45 kB │ gzip:      2.73 kB
dist/assets/folder-preview-lab-D-pOWBBT.js                        6.47 kB │ gzip:      2.73 kB
dist/assets/solarized-light-DSh2HLQt.js                           6.47 kB │ gzip:      1.71 kB
dist/assets/proto-DB4EqR-F.js                                     6.54 kB │ gzip:      1.41 kB
dist/assets/smalltalk-B16xEiuN.js                                 6.58 kB │ gzip:      1.61 kB
dist/assets/r-D9B56oy7.js                                         6.60 kB │ gzip:      1.83 kB
dist/assets/useForm-RQCkU-O9.js                                   6.65 kB │ gzip:      2.89 kB
dist/assets/mermaid-parser.core-BBdcZqRg.js                       6.70 kB │ gzip:      1.86 kB
dist/assets/sanitizeSvg-bZruE5N2.js                               6.74 kB │ gzip:      3.02 kB
dist/assets/talonscript-CohzipZa.js                               6.75 kB │ gzip:      1.48 kB
dist/assets/solarized-dark-DV17i1UV.js                            6.84 kB │ gzip:      1.78 kB
dist/assets/riscv-Ckw8ddFX.js                                     6.90 kB │ gzip:      1.97 kB
dist/assets/soy-ChOzCMcc.js                                       6.92 kB │ gzip:      1.62 kB
dist/assets/es-Cpx3Nbs1.js                                        6.95 kB │ gzip:      2.76 kB
dist/assets/min-light-DDpmG2fV.js                                 6.96 kB │ gzip:      1.88 kB
dist/assets/chunk-RYQCIY6F-Bs_Je-m6.js                            7.02 kB │ gzip:      2.68 kB
dist/assets/index-1wcptVfv.js                                     7.08 kB │ gzip:      3.40 kB
dist/assets/scheme-DQCgrYNe.js                                    7.16 kB │ gzip:      2.04 kB
dist/assets/dayjs.min-yZk4pRyU.js                                 7.18 kB │ gzip:      3.09 kB
dist/assets/vidstack-GkTzay8D-DrOQS3gc.js                         7.23 kB │ gzip:      2.76 kB
dist/assets/hlsl-Cvrh5tZx.js                                      7.25 kB │ gzip:      2.18 kB
dist/assets/admin-route-pages-CPfHs_fu.js                         7.36 kB │ gzip:      2.93 kB
dist/assets/spin-D5ISJRDB.js                                      7.44 kB │ gzip:      3.08 kB
dist/assets/qss-Fe1Jh2GI.js                                       7.46 kB │ gzip:      2.57 kB
dist/assets/model-selection-DqBKT-Ak.js                           7.46 kB │ gzip:      2.92 kB
dist/assets/canvas-generation-task-sync-BYQQVy7K.js               7.51 kB │ gzip:      2.65 kB
dist/assets/react-BUD3sqOU.js                                     7.53 kB │ gzip:      2.88 kB
dist/assets/storage-settings-page-CoDzTMqZ.js                     7.60 kB │ gzip:      2.96 kB
dist/assets/access-settings-panel-C-hxg-HJ.js                     7.67 kB │ gzip:      3.02 kB
dist/assets/app-theme-BF_srdv5.js                                 7.67 kB │ gzip:      2.00 kB
dist/assets/dart-DkHntEIa.js                                      7.80 kB │ gzip:      1.91 kB
dist/assets/descriptions-VLvq48kU.js                              7.83 kB │ gzip:      2.76 kB
dist/assets/systemd-BxMlprV5.js                                   7.86 kB │ gzip:      2.54 kB
dist/assets/monokai-CdkpiU2Y.js                                   7.88 kB │ gzip:      1.90 kB
dist/assets/admin-ui-Dy7GrnXm.js                                  7.94 kB │ gzip:      2.98 kB
dist/assets/regexp-D77ZphON.js                                    8.05 kB │ gzip:      1.47 kB
dist/assets/director-scene-Cl-LzZzO.js                            8.11 kB │ gzip:      3.31 kB
dist/assets/Middleware-C2AyS2wp.js                                8.18 kB │ gzip:      3.48 kB
dist/assets/vidstack-D2vrrUMs-Drx4JVvY.js                         8.24 kB │ gzip:      2.90 kB
dist/assets/voice-recording-button-DBelfwWd.js                    8.26 kB │ gzip:      3.35 kB
dist/assets/diagram-OA4YK3LP-CdItuWBK.js                          8.31 kB │ gzip:      3.71 kB
dist/assets/haml-Dk5AgJFk.js                                      8.33 kB │ gzip:      1.85 kB
dist/assets/typst-DI99ib-x.js                                     8.38 kB │ gzip:      1.66 kB
dist/assets/string-f6JzSHaO.js                                    8.40 kB │ gzip:      3.60 kB
dist/assets/vue-html-Cj0ctcUy.js                                  8.47 kB │ gzip:      1.68 kB
dist/assets/canvas-storyboard-layout-DaSGbCwO.js                  8.47 kB │ gzip:      2.67 kB
dist/assets/tag-BOKdlLTk.js                                       8.48 kB │ gzip:      3.33 kB
dist/assets/plsql-DGHpHOYJ.js                                     8.50 kB │ gzip:      2.99 kB
dist/assets/si-LK-N5RQ5JYF-CMTOUAkP.js                            8.58 kB │ gzip:      3.36 kB
dist/assets/az-AZ-76LH7QW2-CX6PPJ23.js                            8.61 kB │ gzip:      3.59 kB
dist/assets/horizon-CE9ld1lL.js                                   8.77 kB │ gzip:      1.94 kB
dist/assets/kotlin-DhhofPvG.js                                    8.77 kB │ gzip:      2.12 kB
dist/assets/horizon-bright-Br1oVSNq.js                            8.78 kB │ gzip:      1.96 kB
dist/assets/dagre-VKFMJZFB-BpQzSxME.js                            8.80 kB │ gzip:      3.41 kB
dist/assets/ts-tags-BnD1MIHb.js                                   8.92 kB │ gzip:      1.20 kB
dist/assets/make-Dixweg8N.js                                      8.95 kB │ gzip:      1.76 kB
dist/assets/andromeeda-vGVdxbeo.js                                9.01 kB │ gzip:      2.35 kB
dist/assets/sas-DpB6gF-4.js                                       9.06 kB │ gzip:      3.82 kB
dist/assets/zh-HK-E62DVLB3-B4yyrnHf.js                            9.08 kB │ gzip:      4.10 kB
dist/assets/dark-plus-Cs2F2srj.js                                 9.09 kB │ gzip:      2.10 kB
dist/assets/slack-dark-DnToyrRv.js                                9.11 kB │ gzip:      1.96 kB
dist/assets/useQuery-Bmuw78JM.js                                  9.16 kB │ gzip:      3.36 kB
dist/assets/sass-DXrisJhu.js                                      9.28 kB │ gzip:      2.48 kB
dist/assets/plastic-DQwYfKfQ.js                                   9.29 kB │ gzip:      1.96 kB
dist/assets/canvas-video-merge-C7uyRNE_.js                        9.38 kB │ gzip:      3.73 kB
dist/assets/slack-ochin-B2OO5cIa.js                               9.42 kB │ gzip:      2.08 kB
dist/assets/portrait-clearance-runtime-CEQWP1rn.js                9.51 kB │ gzip:      3.02 kB
dist/assets/tex-we3ORCro.js                                       9.67 kB │ gzip:      3.06 kB
dist/assets/jison-Bb-bjV_r.js                                     9.69 kB │ gzip:      1.87 kB
dist/assets/cmake-Bj61d0ZC.js                                     9.84 kB │ gzip:      3.37 kB
dist/assets/cynefinDiagram-TSTJHNR4-DInl48CS.js                   9.90 kB │ gzip:      3.50 kB
dist/assets/light-plus-DVQuIRkW.js                                9.93 kB │ gzip:      2.27 kB
dist/assets/canvas-emotion-D55bWTiG.js                            9.97 kB │ gzip:      4.60 kB
dist/assets/switch-ANXijKuy.js                                   10.03 kB │ gzip:      3.95 kB
dist/assets/hcl-Dh228itO.js                                      10.04 kB │ gzip:      1.93 kB
dist/assets/kk-KZ-P5N5QNE5-BmB5R-J8.js                           10.12 kB │ gzip:      4.19 kB
dist/assets/kaa-6HZHGXH3-CN6-sJ5L.js                             10.17 kB │ gzip:      4.18 kB
dist/assets/rst-9_O48jfa.js                                      10.31 kB │ gzip:      2.24 kB
dist/assets/pkl-ot-7Btpt.js                                      10.36 kB │ gzip:      1.37 kB
dist/assets/beancount-D-usSTwE.js                                10.36 kB │ gzip:      1.43 kB
dist/assets/nextflow-groovy-Dc_ddanL.js                          10.39 kB │ gzip:      2.12 kB
dist/assets/dream-maker-DW3nJb8Q.js                              10.46 kB │ gzip:      2.25 kB
dist/assets/raku-B3gFvitq.js                                     10.46 kB │ gzip:      2.94 kB
dist/assets/yaml-uB2nBBeV.js                                     10.57 kB │ gzip:      2.32 kB
dist/assets/canvas-project-card-IruMspvj.js                      10.62 kB │ gzip:      4.00 kB
dist/assets/diagram-FQU43EPY-CokKnVRm.js                         10.66 kB │ gzip:      4.12 kB
dist/assets/admin-shell-Crs7KHjd.js                              10.67 kB │ gzip:      3.93 kB
dist/assets/stateDiagram-2N3HPSRC-Dqr9Ix5h.js                    10.68 kB │ gzip:      3.76 kB
dist/assets/just-CyyGdrCJ.js                                     10.76 kB │ gzip:      2.60 kB
dist/assets/elm-Aa2ys7L1.js                                      10.94 kB │ gzip:      2.09 kB
dist/assets/github-light-EUqPIrTm.js                             11.18 kB │ gzip:      2.49 kB
dist/assets/prolog-iXnhIJG7.js                                   11.34 kB │ gzip:      3.84 kB
dist/assets/terraform-DswuEJGm.js                                11.38 kB │ gzip:      2.51 kB
dist/assets/github-dark-C-LZuMrd.js                              11.40 kB │ gzip:      2.53 kB
dist/assets/puppet-CDv2pdJW.js                                   11.43 kB │ gzip:      2.10 kB
dist/assets/laserwave-C_8bwKvT.js                                11.49 kB │ gzip:      2.57 kB
dist/assets/runtime-policy-settings-page-B2urCSOl.js             11.58 kB │ gzip:      4.00 kB
dist/assets/canvas-workspace-overlays-B057tR2F.js                11.79 kB │ gzip:      4.40 kB
dist/assets/storyboard-prompts-page-pqYryqF1.js                  11.89 kB │ gzip:      4.71 kB
dist/assets/gherkin-DExj1W_8.js                                  11.93 kB │ gzip:      5.04 kB
dist/assets/wasm-ByWQv1Qj.js                                     12.00 kB │ gzip:      2.17 kB
dist/assets/hjson-CxZEssPk.js                                    12.04 kB │ gzip:      1.64 kB
dist/assets/handlebars-CUlggvE0.js                               12.16 kB │ gzip:      2.38 kB
dist/assets/isArrayLikeObject-BuP4GVJp.js                        12.16 kB │ gzip:      3.15 kB
dist/assets/apache-U0d_L8uA.js                                   12.44 kB │ gzip:      3.71 kB
dist/assets/redemption-codes-panel-Brod3_-O.js                   12.45 kB │ gzip:      4.66 kB
dist/assets/lt-LT-XHIRWOB4-BHoSSHsS.js                           12.50 kB │ gzip:      5.37 kB
dist/assets/wallet-Nw1Q4W1W.js                                   12.68 kB │ gzip:      4.51 kB
dist/assets/vesper-D5bVUKB1.js                                   12.68 kB │ gzip:      1.98 kB
dist/assets/zip-DbwGYQ9e.js                                      12.73 kB │ gzip:      6.26 kB
dist/assets/bat-Bo4NYOV-.js                                      12.88 kB │ gzip:      3.22 kB
dist/assets/fish-BJitypiv.js                                     13.03 kB │ gzip:      1.73 kB
dist/assets/v-DETTlOr0.js                                        13.20 kB │ gzip:      2.73 kB
dist/assets/user-session-D7YQ-oCU.js                             13.27 kB │ gzip:      4.35 kB
dist/assets/canvas-project-generation-DE5YRSRp.js                13.44 kB │ gzip:      4.74 kB
dist/assets/credit-operations-panel-DP3tiH3U.js                  13.44 kB │ gzip:      5.08 kB
dist/assets/vitesse-light-VbXTXTou.js                            13.61 kB │ gzip:      3.03 kB
dist/assets/aurora-x-CDeNXAV0.js                                 13.65 kB │ gzip:      2.28 kB
dist/assets/vitesse-black-fwtXNY1n.js                            13.67 kB │ gzip:      3.05 kB
dist/assets/use-external-asset-sources-Cj6flylv.js               13.71 kB │ gzip:      4.96 kB
dist/assets/vitesse-dark-BZCL-v6S.js                             13.75 kB │ gzip:      3.06 kB
dist/assets/pug-Dyx2Gc8f.js                                      13.84 kB │ gzip:      2.58 kB
dist/assets/vi-VN-M7AON7JQ-BN0_GgBW.js                           13.86 kB │ gzip:      5.79 kB
dist/assets/luau-CNKltnaQ.js                                     13.95 kB │ gzip:      3.16 kB
dist/assets/synthwave-84-nFMaYfgc.js                             14.03 kB │ gzip:      2.85 kB
dist/assets/logs-page-DOqPh9fA.js                                14.14 kB │ gzip:      5.56 kB
dist/assets/github-light-default-BXViO-2h.js                     14.15 kB │ gzip:      3.02 kB
dist/assets/skeleton-xnL9q1Bw.js                                 14.20 kB │ gzip:      4.47 kB
dist/assets/canvas-video-segment-dialog-BuCmg9G5.js              14.24 kB │ gzip:      5.36 kB
dist/assets/clarity-SemFz856.js                                  14.26 kB │ gzip:      2.46 kB
dist/assets/github-light-high-contrast-B68TUdTA.js               14.27 kB │ gzip:      3.00 kB
dist/assets/da-DK-5WZEPLOC-BH0mDeYl.js                           14.41 kB │ gzip:      6.08 kB
dist/assets/github-dark-dimmed-Bx1FflLF.js                       14.43 kB │ gzip:      3.11 kB
dist/assets/github-dark-default-DXG-b-1a.js                      14.43 kB │ gzip:      3.12 kB
dist/assets/shared-9bPIUB75.js                                   14.46 kB │ gzip:      5.23 kB
dist/assets/test-voice-recording-By2KOXmx.js                     14.59 kB │ gzip:      5.58 kB
dist/assets/github-dark-high-contrast-B_tTalzw.js                14.59 kB │ gzip:      3.07 kB
dist/assets/canvas-slUqO2Vg.js                                   14.66 kB │ gzip:      5.49 kB
dist/assets/gnuplot-7GGW24-e.js                                  14.77 kB │ gzip:      3.27 kB
dist/assets/query-Cy_bFdfM.js                                    14.85 kB │ gzip:      5.07 kB
dist/assets/time-V48BpMN7.js                                     14.92 kB │ gzip:      4.81 kB
dist/assets/rust-Cfkwpbl8.js                                     15.06 kB │ gzip:      2.71 kB
dist/assets/progress-BJdIGG34.js                                 15.12 kB │ gzip:      5.85 kB
dist/assets/kusto-BUv0MjJC.js                                    15.16 kB │ gzip:      3.93 kB
dist/assets/actionscript-3--17pq3dv.js                           15.19 kB │ gzip:      2.67 kB
dist/assets/model-picker-boNyxxbh.js                             15.30 kB │ gzip:      5.98 kB
dist/assets/input-oK6cXXrL.js                                    15.44 kB │ gzip:      6.45 kB
dist/assets/nix-IvuFDN5E.js                                      15.50 kB │ gzip:      2.47 kB
dist/assets/th-TH-HPSO5L25-DPpwdlwl.js                           15.52 kB │ gzip:      5.18 kB
dist/assets/lua-BF4pD4PQ.js                                      15.60 kB │ gzip:      3.19 kB
dist/assets/chunk-MOJQB5TN-DZ5OqGqB.js                           15.64 kB │ gzip:      4.35 kB
dist/assets/diagram-G47NLZAW-CkEJlvFr.js                         15.74 kB │ gzip:      5.51 kB
dist/assets/Combination-erYuSh6P.js                              15.81 kB │ gzip:      6.00 kB
dist/assets/abap-CLvhMVsD.js                                     15.84 kB │ gzip:      5.93 kB
dist/assets/nn-NO-6E72VCQL-CQy_3qwZ.js                           15.95 kB │ gzip:      6.72 kB
dist/assets/solidity-CKzVLygQ.js                                 16.06 kB │ gzip:      3.09 kB
dist/assets/matlab-D7qyCx1q.js                                   16.07 kB │ gzip:      3.06 kB
dist/assets/style-DNgge2bt.js                                    16.16 kB │ gzip:      3.80 kB
dist/assets/cue-CE9AQfxI.js                                      16.19 kB │ gzip:      2.04 kB
dist/assets/elixir-ZBegKj6G.js                                   16.26 kB │ gzip:      2.76 kB
dist/assets/prod-Dp9D2NgF.js                                     16.49 kB │ gzip:      6.64 kB
dist/assets/odin-B1RWQWA5.js                                     16.50 kB │ gzip:      2.92 kB
dist/assets/nl-NL-IS3SIHDZ-C3YsHzHP.js                           16.73 kB │ gzip:      6.92 kB
dist/assets/home-COfAI4ru.js                                     16.78 kB │ gzip:      5.06 kB
dist/assets/project-asset-sync-Cd__3KqQ.js                       16.91 kB │ gzip:      5.60 kB
dist/assets/bird2-C2hNVINV.js                                    16.96 kB │ gzip:      3.84 kB
dist/assets/kanagawa-wave-CTweb8Dz.js                            17.12 kB │ gzip:      2.90 kB
dist/assets/kanagawa-lotus-BN08jTvb.js                           17.12 kB │ gzip:      2.90 kB
dist/assets/kanagawa-dragon-CXtmUGW6.js                          17.12 kB │ gzip:      2.92 kB
dist/assets/ishikawaDiagram-FXEZZL3T-qGr8i7e6.js                 17.34 kB │ gzip:      6.53 kB
dist/assets/move-B1IS1UjX.js                                     17.49 kB │ gzip:      3.06 kB
dist/assets/my-MM-5M5IBNSE-DZiAYdV5.js                           17.57 kB │ gzip:      5.29 kB
dist/assets/eagle-DNzXwK19.js                                    17.63 kB │ gzip:      5.98 kB
dist/assets/graphql-BVCjFJgP.js                                  18.08 kB │ gzip:      2.54 kB
dist/assets/hu-HU-A5ZG7DT2-Ca9WOnvs.js                           18.08 kB │ gzip:      7.58 kB
dist/assets/liquid-htIxSkY0.js                                   18.10 kB │ gzip:      3.14 kB
dist/assets/Input-DdSZnTFF.js                                    18.21 kB │ gzip:      7.06 kB
dist/assets/svelte-Dj0As3Vu.js                                   18.24 kB │ gzip:      3.14 kB
dist/assets/fi-FI-Z5N7JZ37-DR9NOTOV.js                           18.40 kB │ gzip:      7.53 kB
dist/assets/use-local-runtime-store-DO3LbyNE.js                  18.49 kB │ gzip:      6.68 kB
dist/assets/floating-ui.dom-D7DKB-bl.js                          18.59 kB │ gzip:      7.35 kB
dist/assets/material-theme-Bm3Qr25_.js                           18.61 kB │ gzip:      3.10 kB
dist/assets/material-theme-darker-2IIEA8gg.js                    18.62 kB │ gzip:      3.10 kB
dist/assets/material-theme-ocean-CHQ94UKr.js                     18.62 kB │ gzip:      3.12 kB
dist/assets/material-theme-lighter-uhdI0v04.js                   18.63 kB │ gzip:      3.10 kB
dist/assets/material-theme-palenight-B5W6OYN7.js                 18.63 kB │ gzip:      3.11 kB
dist/assets/kab-KAB-ZGHBKWFO-B05jKi_Y.js                         18.78 kB │ gzip:      7.55 kB
dist/assets/chunk-ICXQ74PX-BwS8K26C.js                           18.91 kB │ gzip:      6.15 kB
dist/assets/gdscript-Cp2uCuqX.js                                 18.98 kB │ gzip:      3.75 kB
dist/assets/zh-TW-RAJ6MFWO-wJxxsdcm.js                           18.99 kB │ gzip:      8.86 kB
dist/assets/zh-CN-LNUGB5OW-DJ5WznEb.js                           19.05 kB │ gzip:      8.87 kB
dist/assets/lv-LV-5QDEKY6T-fHfcxaul.js                           19.14 kB │ gzip:      7.79 kB
dist/assets/groovy-CacY0gHj.js                                   19.17 kB │ gzip:      3.59 kB
dist/assets/gl-ES-HMX3MZ6V-BOS6fs7a.js                           19.39 kB │ gzip:      7.73 kB
dist/assets/tr-TR-DEFEU3FU-DCocKzxT.js                           19.51 kB │ gzip:      7.96 kB
dist/assets/cs-CZ-2BRQDIVT-CNuzm2ti.js                           19.52 kB │ gzip:      8.40 kB
dist/assets/mdc-BwGL0Z9o.js                                      19.54 kB │ gzip:      6.66 kB
dist/assets/pt-PT-UZXXM6DQ-BFNWM_9Q.js                           19.65 kB │ gzip:      7.79 kB
dist/assets/id-ID-SAP4L64H-B82Ing4Q.js                           19.68 kB │ gzip:      7.68 kB
dist/assets/segmented-ifqtFgh6.js                                19.77 kB │ gzip:      7.62 kB
dist/assets/ca-ES-6MX7JW3Y-B7a65MmT.js                           19.79 kB │ gzip:      7.90 kB
dist/assets/oc-FR-POXYY2M6-DIZBURVR.js                           19.84 kB │ gzip:      7.79 kB
dist/assets/ayu-dark-DluEY0Gj.js                                 20.07 kB │ gzip:      3.93 kB
dist/assets/ayu-mirage-Bqwy1Gya.js                               20.08 kB │ gzip:      3.91 kB
dist/assets/glimmer-js-nibZcW0E.js                               20.08 kB │ gzip:      2.94 kB
dist/assets/glimmer-ts-CiNDKS9-.js                               20.08 kB │ gzip:      2.93 kB
dist/assets/nb-NO-T6EIAALU-D7dSdKnw.js                           20.10 kB │ gzip:      8.19 kB
dist/assets/powershell-DshXNtvi.js                               20.14 kB │ gzip:      4.05 kB
dist/assets/ayu-light-C3h-C4tm.js                                20.14 kB │ gzip:      3.89 kB
dist/assets/kanban-definition-HUTT4EX6-CKn2dPye.js               20.30 kB │ gzip:      7.16 kB
dist/assets/he-IL-6SHJWFNN-y8Xro-Hs.js                           20.32 kB │ gzip:      7.54 kB
dist/assets/viml-DvXPmvsu.js                                     20.35 kB │ gzip:      6.73 kB
dist/assets/nushell-DcLAeLz5.js                                  20.40 kB │ gzip:      5.21 kB
dist/assets/bg-BG-XCXSNQG7-Cs6Khsv3.js                           20.76 kB │ gzip:      7.39 kB
dist/assets/snazzy-light-4G7pJPwS.js                             20.77 kB │ gzip:      3.80 kB
dist/assets/typography-CN2BYRQ-.js                               20.82 kB │ gzip:      8.17 kB
dist/assets/twig-Cj9Y_GTX.js                                     20.90 kB │ gzip:      3.66 kB
dist/assets/pt-BR-5N22H2LF-DbeRIpdY.js                           21.04 kB │ gzip:      8.22 kB
dist/assets/dracula-BHWKrbxM.js                                  21.06 kB │ gzip:      3.99 kB
dist/assets/dracula-soft-5eyTD99u.js                             21.07 kB │ gzip:      4.02 kB
dist/assets/eu-ES-A7QVB2H4-CthO8adp.js                           21.20 kB │ gzip:      8.23 kB
dist/assets/es-ES-U4NZUMDT-Cjjm36YJ.js                           21.35 kB │ gzip:      8.49 kB
dist/assets/sl-SI-NN7IZMDC-DpcmvuD_.js                           21.36 kB │ gzip:      8.59 kB
dist/assets/wit-DdvCle-K.js                                      21.46 kB │ gzip:      2.87 kB
dist/assets/sv-SE-XGPEYMSR-CSVBG_N9.js                           21.51 kB │ gzip:      8.56 kB
dist/assets/use-asset-store-Xjc60XIL.js                          21.55 kB │ gzip:      6.64 kB
dist/assets/projects-5lfxLXt8.js                                 21.67 kB │ gzip:      7.61 kB
dist/assets/rose-pine-BthvhNj6.js                                21.74 kB │ gzip:      3.86 kB
dist/assets/rose-pine-moon-hon4tzzS.js                           21.75 kB │ gzip:      3.87 kB
dist/assets/rose-pine-dawn-Dg85fqjY.js                           21.75 kB │ gzip:      3.88 kB
dist/assets/it-IT-JPQ66NNP-BF5WhzQe.js                           22.06 kB │ gzip:      8.58 kB
dist/assets/[REDACTED_API_KEY].js                           22.31 kB │ gzip:      9.11 kB
dist/assets/chunk-6U3AYISY-C6-Mtja1.js                           22.44 kB │ gzip:      8.62 kB
dist/assets/nim-DmDMFNUJ.js                                      22.45 kB │ gzip:      3.15 kB
dist/assets/input-number-xqhQQFLU.js                             22.49 kB │ gzip:      8.19 kB
dist/assets/pl-PL-T2D74RX3-DoD6MPPj.js                           22.50 kB │ gzip:      9.23 kB
dist/assets/users-page-C0wyr6QU.js                               22.52 kB │ gzip:      7.56 kB
dist/assets/common-lisp-Cv5bFMCO.js                              22.57 kB │ gzip:      6.07 kB
dist/assets/surrealql-BQstUV05.js                                22.58 kB │ gzip:      4.31 kB
dist/assets/gruvbox-dark-hard-C820rvS2.js                        22.63 kB │ gzip:      4.15 kB
dist/assets/gruvbox-dark-soft-MrdJrrXF.js                        22.63 kB │ gzip:      4.15 kB
dist/assets/gruvbox-light-hard-BC_s9l72.js                       22.63 kB │ gzip:      4.16 kB
dist/assets/gruvbox-light-soft-BSMLrYjP.js                       22.63 kB │ gzip:      4.16 kB
dist/assets/gruvbox-dark-medium-BPjhmG05.js                      22.63 kB │ gzip:      4.15 kB
dist/assets/gruvbox-light-medium-BAWPOn9u.js                     22.63 kB │ gzip:      4.16 kB
dist/assets/sankeyDiagram-HTMAVEWB-CUA9Or3z.js                   22.81 kB │ gzip:      8.26 kB
dist/assets/ro-RO-JPDTUUEW-t6bBEaTN.js                           23.15 kB │ gzip:      8.94 kB
dist/assets/journeyDiagram-5HDEW3XC-Da3HUTD1.js                  23.20 kB │ gzip:      8.17 kB
dist/assets/de-DE-XR44H4JA-CHTzIL3Q.js                           23.34 kB │ gzip:      8.97 kB
dist/assets/ja-JP-DBVTYXUO-DGbqQKjE.js                           23.40 kB │ gzip:      8.79 kB
dist/assets/fr-FR-RHASNOE6-9lWBXiRq.js                           23.45 kB │ gzip:      8.87 kB
dist/assets/sql-DAk8t4E1.js                                      23.47 kB │ gzip:      7.49 kB
dist/assets/mindmap-definition-LN4V7U3C-CtZKq2fQ.js              23.49 kB │ gzip:      8.03 kB
dist/assets/bn-BD-2XOGV67Q-B_KqQNfE.js                           23.60 kB │ gzip:      6.68 kB
dist/assets/lib-CRhYUBM8.js                                      23.65 kB │ gzip:      8.70 kB
dist/assets/cadence-CQ2zXKGN.js                                  23.66 kB │ gzip:      3.65 kB
dist/assets/canvas-subtitle-dialog-ByRyALAl.js                   23.67 kB │ gzip:      8.61 kB
dist/assets/ko-KR-MTYHY66A-BDPjpu9S.js                           23.88 kB │ gzip:      9.18 kB
dist/assets/graphlib-DS17s2tU.js                                 23.90 kB │ gzip:      8.31 kB
dist/assets/form-Cg2x5Xuc.js                                     23.97 kB │ gzip:      9.40 kB
dist/assets/typespec-B88KGewJ.js                                 24.01 kB │ gzip:      2.58 kB
dist/assets/astro-D7LRhiig.js                                    24.02 kB │ gzip:      7.59 kB
dist/assets/apl-Cg3VgmnT.js                                      24.02 kB │ gzip:      4.17 kB
dist/assets/templ-BPUG9C8b.js                                    24.06 kB │ gzip:      5.41 kB
dist/assets/fa-IR-HGAKTJCU-DEGQDORr.js                           24.24 kB │ gzip:      8.44 kB
dist/assets/angular-html-Da2ImPYj.js                             24.24 kB │ gzip:      3.99 kB
dist/assets/vhdl-BroJfC0k.js                                     24.25 kB │ gzip:      3.86 kB
dist/assets/vue-BTEOc_VE.js                                      24.48 kB │ gzip:      2.95 kB
dist/assets/purescript-9MfHhQsQ.js                               24.67 kB │ gzip:      3.24 kB
dist/assets/wardleyDiagram-EHGQE667-ajjsA8hl.js                  25.22 kB │ gzip:      6.54 kB
dist/assets/one-light-D7Lr4KcI.js                                25.29 kB │ gzip:      3.63 kB
dist/assets/fsharp-D13ZGOAj.js                                   25.30 kB │ gzip:      4.12 kB
dist/assets/marko-CYoducAR.js                                    25.48 kB │ gzip:      3.59 kB
dist/assets/c3-CnJL0r0V.js                                       25.62 kB │ gzip:      3.85 kB
dist/assets/ar-SA-G6X2FPQ2-CmJArCrY.js                           25.67 kB │ gzip:      9.12 kB
dist/assets/skills-8Su-UWyo.js                                   25.69 kB │ gzip:      9.40 kB
dist/assets/night-owl-light-eJ-hLW7d.js                          25.89 kB │ gzip:      4.23 kB
dist/assets/system-verilog-DJ5XKQeo.js                           26.19 kB │ gzip:      4.82 kB
dist/assets/nord-Cb4Vim4T.js                                     26.72 kB │ gzip:      4.35 kB
dist/assets/bundle-mjs-DxdGK6Xj.js                               26.85 kB │ gzip:      8.55 kB
dist/assets/codeql-oeQT6MSM.js                                   26.87 kB │ gzip:      3.79 kB
dist/assets/rough.esm-CSKSodPl.js                                27.10 kB │ gzip:      8.85 kB
dist/assets/erDiagram-Q63AITRT-0VB1vdvf.js                       27.12 kB │ gzip:      9.44 kB
dist/assets/scss-CKrqXKNz.js                                     27.26 kB │ gzip:      4.23 kB
dist/assets/java-DJul3uN_.js                                     27.28 kB │ gzip:      4.31 kB
dist/assets/coffee-68oYHmZj.js                                   27.42 kB │ gzip:      6.35 kB
dist/assets/razor-DrbTumE-.js                                    27.45 kB │ gzip:      3.54 kB
dist/assets/pa-IN-N4M65BXN-DTb3q35x.js                           27.98 kB │ gzip:      7.98 kB
dist/assets/plugins-wyFxMhhr.js                                  28.54 kB │ gzip:     10.54 kB
dist/assets/app-changelog-modal-Bs4kUtgy.js                      28.72 kB │ gzip:     13.36 kB
dist/assets/scala-DKOlJaKm.js                                    28.87 kB │ gzip:      3.92 kB
dist/assets/night-owl-DhmEMT88.js                                28.91 kB │ gzip:      5.14 kB
dist/assets/gitGraphDiagram-IHSO6WYX-BEy0SrQq.js                 29.02 kB │ gzip:      8.57 kB
dist/assets/localforage-BdKsPWsA.js                              29.07 kB │ gzip:      8.96 kB
dist/assets/drawer-DV_85voD.js                                   29.13 kB │ gzip:     11.25 kB
dist/assets/ku-TR-6OUDTVRD-Dbpy2ti8.js                           29.32 kB │ gzip:      9.27 kB
dist/assets/builtin-P_0guAmz.js                                  29.38 kB │ gzip:     12.26 kB
dist/assets/crystal-DHHDVHRy.js                                  29.41 kB │ gzip:      4.44 kB
dist/assets/mermaid-Bk4SNUv9.js                                  29.50 kB │ gzip:      3.64 kB
dist/assets/applescript-CCn79oCD.js                              29.56 kB │ gzip:      5.94 kB
dist/assets/el-GR-BZB4AONW-Dva8yNQW.js                           29.67 kB │ gzip:      9.61 kB
dist/assets/portrait-clearance-modal-eUQpG8w-.js                 30.10 kB │ gzip:      9.40 kB
dist/assets/vidstack-CvezEmSQ-D80VnBBP.js                        30.10 kB │ gzip:     10.40 kB
dist/assets/src-hphekWJG.js                                      30.14 kB │ gzip:      9.49 kB
dist/assets/timeline-definition-FHXFAJF6-DHK6lzZS.js             30.41 kB │ gzip:      9.98 kB
dist/assets/ru-RU-B4JR7IUQ-COPBSqpj.js                           30.74 kB │ gzip:      9.86 kB
dist/assets/julia-CWUaLFvh.js                                    30.99 kB │ gzip:      4.30 kB
dist/assets/requirementDiagram-TGXJPOKE-v7yWoQmY.js              31.02 kB │ gzip:      9.78 kB
dist/assets/stylus-B6D30XZt.js                                   31.06 kB │ gzip:      8.01 kB
dist/assets/image-8WljT64L.js                                    31.36 kB │ gzip:      9.91 kB
dist/assets/plugin-catalog-CdUyKKAE.js                           31.56 kB │ gzip:      6.43 kB
dist/assets/uk-UA-QMV73CPH-BmsMraMH.js                           31.64 kB │ gzip:     10.11 kB
dist/assets/pica-Dfhi0Fmi.js                                     31.82 kB │ gzip:     12.47 kB
dist/assets/assets-Chc6lPwn.js                                   32.05 kB │ gzip:     10.51 kB
dist/assets/dagre-dpRSp0QF.js                                    32.05 kB │ gzip:     11.58 kB
dist/assets/hi-IN-IWLTKZ5I-CdBXzLxe.js                           32.35 kB │ gzip:      9.08 kB
dist/assets/tasks-YadSJCdv.js                                    33.04 kB │ gzip:     11.48 kB
dist/assets/poimandres-DRFjx7u4.js                               33.49 kB │ gzip:      5.49 kB
dist/assets/quadrantDiagram-ABIIQ3AL-BOAPbO8g.js                 33.54 kB │ gzip:      9.74 kB
dist/assets/one-dark-pro-CLwyXe_n.js                             33.78 kB │ gzip:      5.50 kB
dist/assets/bsl-BkkzgIyY.js                                      33.86 kB │ gzip:      8.34 kB
dist/assets/logical-models-page-teZdxzAO.js                      33.98 kB │ gzip:     10.76 kB
dist/assets/chunk-52WLFC77-CJC3WE_Y.js                           33.99 kB │ gzip:      7.33 kB
dist/assets/channels-page-T3MudVTf.js                            34.75 kB │ gzip:     10.25 kB
dist/assets/canvas-timeline-dialog-DPJT2wdL.js                   34.84 kB │ gzip:     11.07 kB
dist/assets/upload-DfPgE-np.js                                   35.10 kB │ gzip:     12.79 kB
dist/assets/haxe-OTjmBuCE.js                                     35.15 kB │ gzip:      5.90 kB
dist/assets/useModal-C7MuIoIw.js                                 35.26 kB │ gzip:     12.60 kB
dist/assets/ta-IN-2NMHFXQM-EwivfUbP.js                           35.27 kB │ gzip:      8.50 kB
dist/assets/nginx-YcT3QO7G.js                                    35.35 kB │ gzip:      4.45 kB
dist/assets/houston-CsvMBhTu.js                                  35.41 kB │ gzip:      5.76 kB
dist/assets/tokyo-night-oM2G3aXe.js                              35.66 kB │ gzip:      6.22 kB
dist/assets/dropdown-BnG716UP.js                                 35.76 kB │ gzip:     10.24 kB
dist/assets/km-KH-HSX4SM5Z-C7X9RyfM.js                           36.65 kB │ gzip:      9.21 kB
dist/assets/EllipsisOutlined-Bb7vhDhc.js                         37.03 kB │ gzip:     12.56 kB
dist/assets/context-BEtCleWL.js                                  37.44 kB │ gzip:     13.79 kB
dist/assets/erlang-Cphh6RMH.js                                   37.47 kB │ gzip:      4.36 kB
dist/assets/chunk-EX3LRPZG-OrQzxBpF.js                           37.76 kB │ gzip:     12.30 kB
dist/assets/lib-fsqKa5He.js                                      38.29 kB │ gzip:     11.49 kB
dist/assets/cobol-CSZIDYWx.js                                    39.09 kB │ gzip:     10.89 kB
dist/assets/xychartDiagram-FW5EYKEG-DHsNVn21.js                  40.35 kB │ gzip:     11.21 kB
dist/assets/asm-Cmm7eHzH.js                                      40.71 kB │ gzip:      8.16 kB
dist/assets/tabs-v5OWwOb8.js                                     40.78 kB │ gzip:     13.68 kB
dist/assets/vennDiagram-L72KCM5P-D8GwyCje.js                     41.18 kB │ gzip:     15.11 kB
dist/assets/haskell-D8IpX4py.js                                  41.48 kB │ gzip:      6.41 kB
dist/assets/shellscript-xyv2Ai2R.js                              41.54 kB │ gzip:      6.13 kB
dist/assets/chunk-ZIRB5QZD-C6fEPe3t.js                           41.86 kB │ gzip:     14.23 kB
dist/assets/tooltip-CBhV18Oe.js                                  42.13 kB │ gzip:     15.51 kB
dist/assets/mr-IN-CRQNXWMA-CnAAOoXX.js                           42.25 kB │ gzip:     10.68 kB
dist/assets/perl-L_VLWuBs.js                                     43.14 kB │ gzip:      4.64 kB
dist/assets/d-qD-0Kul2.js                                        43.78 kB │ gzip:      8.43 kB
dist/assets/image-blob-reduce.esm-DLFdRAwc.js                    45.44 kB │ gzip:     16.30 kB
dist/assets/ruby-DiTzTPD2.js                                     45.83 kB │ gzip:      5.56 kB
dist/assets/request-D0wssfL1.js                                  45.90 kB │ gzip:     17.47 kB
dist/assets/go-BJwz_mda.js                                       46.80 kB │ gzip:      5.15 kB
dist/assets/chunk-Q4XR5HBZ-tFZXCfkJ.js                           46.87 kB │ gzip:     14.75 kB
dist/assets/apex-CGTLDQj6.js                                     46.97 kB │ gzip:      6.72 kB
dist/assets/catppuccin-mocha-DYhrFGRu.js                         47.25 kB │ gzip:      7.98 kB
dist/assets/catppuccin-latte-DwIHMF0Q.js                         47.25 kB │ gzip:      7.98 kB
dist/assets/catppuccin-frappe-3VR1Za6u.js                        47.25 kB │ gzip:      7.99 kB
dist/assets/catppuccin-macchiato-DYnBP6_5.js                     47.26 kB │ gzip:      7.99 kB
dist/assets/use-config-store-C4cFFAxj.js                         48.04 kB │ gzip:     14.89 kB
dist/assets/ada-C5qYipkI.js                                      48.07 kB │ gzip:      5.96 kB
dist/assets/chunk-V7JOEXUC-oAojFAqc.js                           48.84 kB │ gzip:     15.75 kB
dist/assets/css-CgQmFL-t.js                                      49.08 kB │ gzip:     11.95 kB
dist/assets/imba-DsUTQ-LC.js                                     49.92 kB │ gzip:      9.47 kB
dist/assets/ganttDiagram-NO4QXBWP-BT1I7hwm.js                    49.97 kB │ gzip:     16.56 kB
dist/assets/color-picker-CaFm8tQw.js                             50.39 kB │ gzip:     17.48 kB
dist/assets/everforest-dark-sB-x3p7T.js                          53.74 kB │ gzip:      8.37 kB
dist/assets/everforest-light-Df2xbC6M.js                         53.74 kB │ gzip:      8.36 kB
dist/assets/canvas-project-domain-BRl2xXWs.js                    55.40 kB │ gzip:     17.79 kB
dist/assets/wikitext-ClFFjSW2.js                                 55.87 kB │ gzip:      4.81 kB
dist/assets/stata-DWVk40Jf.js                                    56.99 kB │ gzip:     12.39 kB
dist/assets/html-2owMSsYc.js                                     57.32 kB │ gzip:     11.78 kB
dist/assets/tree-CyeOJUhv.js                                     57.36 kB │ gzip:     18.11 kB
dist/assets/ballerina-B7ZEbQpA.js                                58.68 kB │ gzip:      8.10 kB
dist/assets/markdown-BYOwaDjH.js                                 59.32 kB │ gzip:      5.66 kB
dist/assets/chunk-PUDLZKDR-DtegMJzR.js                           60.20 kB │ gzip:     19.54 kB
dist/assets/vidstack-B9fTkxQO-C8d5NVm6.js                        60.86 kB │ gzip:     21.70 kB
dist/assets/ocaml-O90oeIOV.js                                    62.44 kB │ gzip:      5.04 kB
dist/assets/video-DcWQqFLe.js                                    67.44 kB │ gzip:     19.90 kB
dist/assets/c4Diagram-LMCZKHZV-DBt5AJ14.js                       69.20 kB │ gzip:     19.34 kB
dist/assets/hooks-CuH2VyoS.js                                    69.60 kB │ gzip:     23.05 kB
dist/assets/canvas-assistant-panel-GNAfEz-f.js                   69.65 kB │ gzip:     22.82 kB
dist/assets/mojo-BgCJLMeH.js                                     69.79 kB │ gzip:      9.21 kB
dist/assets/python-gzcpVVnB.js                                   69.94 kB │ gzip:      9.09 kB
dist/assets/c-Bp9SPJXV.js                                        72.17 kB │ gzip:     10.55 kB
dist/assets/latex-dDT3L_Pr.js                                    72.61 kB │ gzip:      6.68 kB
dist/assets/blockDiagram-677ZJIJ3-9-zKddcL.js                    72.81 kB │ gzip:     20.72 kB
dist/assets/vyper-CgoNMtux.js                                    74.64 kB │ gzip:     10.69 kB
dist/assets/canvas-local-agent-panel-CeHMunyk.js                 77.46 kB │ gzip:     24.88 kB
dist/assets/application-DWL7X-6N.js                              79.10 kB │ gzip:     24.93 kB
dist/assets/hack-CX65dzJU.js                                     80.18 kB │ gzip:     26.27 kB
dist/assets/select-GI-vHIeh.js                                   80.77 kB │ gzip:     27.89 kB
dist/assets/cose-bilkent-JH36ORCC--pCkxEly.js                    81.44 kB │ gzip:     21.59 kB
dist/assets/dist-DVdr2Svh.js                                     85.69 kB │ gzip:     27.56 kB
dist/assets/swift-DonLKvLd.js                                    86.68 kB │ gzip:     14.69 kB
dist/assets/create-CM0HHQ5y.js                                   88.63 kB │ gzip:     26.54 kB
dist/assets/fortran-free-form-CYNrtFtB.js                        88.96 kB │ gzip:     11.18 kB
dist/assets/csharp-Ct8U2NOr.js                                   89.68 kB │ gzip:     10.64 kB
dist/assets/racket-DcIDlBhZ.js                                   92.38 kB │ gzip:     15.07 kB
dist/assets/less-DVTAwKKz.js                                     97.62 kB │ gzip:     14.84 kB
dist/assets/chunk-ZGVPDNZ5-BmYv1pC5.js                          101.88 kB │ gzip:     24.83 kB
dist/assets/model-logo-DBuWNHzO.js                              103.46 kB │ gzip:     13.53 kB
dist/assets/blade-DE2J2P4J.js                                   104.97 kB │ gzip:     28.30 kB
dist/assets/objective-c-D1A_Heim.js                             105.40 kB │ gzip:     23.63 kB
dist/assets/canvas-asset-handoff-D1zidGZY.js                    106.54 kB │ gzip:     34.55 kB
dist/assets/php-DjG8FNj4.js                                     111.05 kB │ gzip:     28.65 kB
dist/assets/lib-ClulgRKV.js                                     113.36 kB │ gzip:     34.44 kB
dist/assets/swimlanes-5IMT3BWC-BzfxBox3.js                      114.10 kB │ gzip:     39.15 kB
dist/assets/sequenceDiagram-DBY2YBRQ-DxYaEK6r.js                115.86 kB │ gzip:     30.61 kB
dist/assets/canvas-style-picker-modal-CTkleESv.js               116.35 kB │ gzip:     39.57 kB
dist/assets/proxy-Cskwh4wq.js                                   125.47 kB │ gzip:     41.51 kB
dist/assets/analytics-panel-PRLAW9iT.js                         129.95 kB │ gzip:     41.74 kB
dist/assets/asciidoc-DE70LPWp.js                                131.52 kB │ gzip:      9.31 kB
dist/assets/mdx-DQZ5AkYe.js                                     136.10 kB │ gzip:     23.54 kB
dist/assets/settings-xIsJYU7U.js                                139.44 kB │ gzip:     43.35 kB
dist/assets/table-Dw1_7q9c.js                                   144.67 kB │ gzip:     47.16 kB
dist/assets/architectureDiagram-ZJ3FMSHR-BNLfBrbK.js            148.90 kB │ gzip:     41.09 kB
dist/assets/canvas-emotion-workspace-BQAgKwN1.js                150.95 kB │ gzip:     52.15 kB
dist/assets/react-three-fiber.esm-DwmzcU0s.js                   154.87 kB │ gzip:     49.45 kB
dist/assets/canvas-director-workbench-DYhX1Z5r.js               157.45 kB │ gzip:     44.92 kB
dist/assets/objective-cpp-BsSzOQcm.js                           171.96 kB │ gzip:     30.98 kB
dist/assets/client-8n1JWgYo.js                                  174.85 kB │ gzip:     55.09 kB
dist/assets/javascript-DC7Y13dy.js                              174.89 kB │ gzip:     16.68 kB
dist/assets/tsx-Db8p8m2t.js                                     175.60 kB │ gzip:     16.68 kB
dist/assets/jsx-C97fCUqH.js                                     177.85 kB │ gzip:     16.77 kB
dist/assets/typescript-DToX5D_l.js                              181.14 kB │ gzip:     16.29 kB
dist/assets/detail-HJdjFuXh.js                                  183.39 kB │ gzip:     54.72 kB
dist/assets/angular-ts-CfbQ_CSh.js                              183.73 kB │ gzip:     16.78 kB
dist/assets/vue-vine-B0hpy35H.js                                190.05 kB │ gzip:     18.07 kB
dist/assets/canvas-resource-mention-textarea-vtex4-C5.js        206.83 kB │ gzip:     66.64 kB
dist/assets/chunk-WYO6CB5R-BpY_CSoN.js                          234.63 kB │ gzip:     37.82 kB
dist/assets/ContextIsolator-6Oyz8lM-.js                         248.89 kB │ gzip:     85.87 kB
dist/assets/katex-B7rAX3Vi.js                                   258.87 kB │ gzip:     77.46 kB
dist/assets/wolfram-DLL8P-h_.js                                 262.38 kB │ gzip:     77.63 kB
dist/assets/chunk-BO2N2NFS-Bu0v3kEb.js                          297.53 kB │ gzip:     92.13 kB
dist/assets/CartesianChart-CiK5hve_.js                          308.81 kB │ gzip:     86.54 kB
dist/assets/dist-IdtxwSiE.js                                    364.10 kB │ gzip:    114.43 kB
dist/assets/canvas-node-CZuc4zJ1.js                             370.92 kB │ gzip:    105.17 kB
dist/assets/prompt-code-editor-CWbyL6zA.js                      389.65 kB │ gzip:    125.39 kB
dist/assets/cytoscape.esm-CQFVGiJu.js                           435.27 kB │ gzip:    137.88 kB
dist/assets/chunk-K2UTITRG-BeiCuYtu.js                          532.83 kB │ gzip:    179.01 kB
dist/assets/prod-CagHh1mq.js                                    548.38 kB │ gzip:    164.24 kB
dist/assets/wasm-BnjxR4X6.js                                    622.32 kB │ gzip:    232.09 kB
dist/assets/cpp-qzvOo2yl.js                                     626.13 kB │ gzip:     48.10 kB
dist/assets/chunk-KEIR6QF5-Dj-OpFgW.js                          662.68 kB │ gzip:    143.23 kB
dist/assets/three.module-BlSwiECm.js                            725.62 kB │ gzip:    185.12 kB
dist/assets/emacs-lisp-C9PiwqqW.js                              779.84 kB │ gzip:    197.53 kB
dist/assets/project-C1m2CFcl.js                                 873.74 kB │ gzip:    260.60 kB
dist/assets/dist-esm-DlbxFAFI.js                              1,414.31 kB │ gzip:    390.65 kB
dist/assets/chunk-EIO257PC-CSbDGS6Q.js                        1,821.04 kB │ gzip:    744.22 kB

[plugin builtin:vite-reporter]
(!) Some chunks are larger than 500 kB after minification. Consider:
- Using dynamic import() to code-split the application
- Use build.rolldownOptions.output.codeSplitting to improve chunking: https://rolldown.rs/reference/OutputOptions.codeSplitting
- Adjust chunk size limit for this warning via build.chunkSizeWarningLimit.
✓ built in 2.02s
