Traceback (most recent call last):
  File "$REPO/scripts/recovery/RC恢复演练", line 40, in <module>
    main()
    ~~~~^^
  File "$REPO/scripts/recovery/RC恢复演练", line 33, in main
    receipt = run_rc_recovery(directory)
  File "$REPO/scripts/recovery/rc_recovery.py", line 307, in run_rc_recovery
    upstream_bootstrap = prepare_frozen_upstream(upstream_repo)
  File "$REPO/scripts/upstream/frozen_upstream.py", line 101, in prepare_frozen_upstream
    _git(
    ~~~~^
        target,
        ^^^^^^^
    ...<6 lines>...
        f"{candidate['commit']}:{LOCAL_CANDIDATE_REF}",
        ^^^^^^^^^^^^^^^^^^^^^^^^^^^^^^^^^^^^^^^^^^^^^^^
    )
    ^
  File "$REPO/scripts/upstream/frozen_upstream.py", line 78, in _git
    raise FrozenUpstreamError(
        result.stderr.strip() or result.stdout.strip() or "git bootstrap failed"
    )
frozen_upstream.FrozenUpstreamError: error: RPC failed; curl 18 Transferred a partial file
fatal: early EOF
fatal: fetch-pack: invalid index-pack output
