
> @filmos/generation-contracts@1.0.0 test
> npm run build && node --test test/*.test.mjs


> @filmos/generation-contracts@1.0.0 build
> tsc -p tsconfig.json

✔ canonical microunit lexical form rejects floats, plus, exponent, negative zero and leading zero (0.924458ms)
✔ brain binding is exact and does not fall back across profiles (0.746291ms)
✔ descriptor exact selection and catalog validation bind one immutable blob (6.730875ms)
✔ semantic hash is stable while envelope hash detects metadata tampering (0.795542ms)
✔ redaction receipt binds separate source and redacted hashes without alias mapping (0.432875ms)
✔ budget events close rotation and revocation and never allow negative totals (0.564833ms)
✔ no-login migration auto-migrates only unique reversible mappings (0.077417ms)
✔ catalog cache is bounded, account scoped, expires and purges on account switch (0.100459ms)
✔ prompt compiler versions final text and refuses unsupported stale intent (0.482292ms)
✔ provider authorization requires broker evidence and authorized submission binds guards (0.655709ms)
✔ project policy and strict model lock fail closed without silent engine or model upgrades (0.781125ms)
ℹ tests 11
ℹ suites 0
ℹ pass 11
ℹ fail 0
ℹ cancelled 0
ℹ skipped 0
ℹ todo 0
ℹ duration_ms 86.8825
